ssd1306.c:38:6:SSD1306_ScrollRight	16	static
ssd1306.c:51:6:SSD1306_StopScroll	8	static
ssd1306.c:57:6:SSD1306_InvertDisplay	16	static
ssd1306.c:66:9:SSD1306_Init	16	static
ssd1306.c:133:6:SSD1306_UpdateScreen	16	static
ssd1306.c:147:6:SSD1306_ToggleInvert	16	static
ssd1306.c:160:6:SSD1306_Fill	16	static
ssd1306.c:166:6:SSD1306_DrawPixel	16	static
ssd1306.c:189:6:SSD1306_SetPosition	16	static
ssd1306.c:196:6:SSD1306_PrintCharacter	32	static
ssd1306.c:228:6:SSD1306_PrintString	24	static
ssd1306.c:246:6:SSD1306_Clear	8	static
ssd1306.c:253:6:SSD1306_ON	8	static
ssd1306.c:260:6:SSD1306_OFF	8	static
ssd1306.c:276:6:ssd1306_I2C_Init	16	static
ssd1306.c:288:6:ssd1306_I2C_WriteMulti	296	static
ssd1306.c:298:6:ssd1306_I2C_Write	32	static
