Archive member included to satisfy reference by file (symbol)

/Applications/STM32CubeIDE.app/Contents/Eclipse/plugins/com.st.stm32cube.ide.mcu.externaltools.gnu-tools-for-stm32.9-2020-q2-update.macos64_2.0.0.202105311346/tools/bin/../lib/gcc/arm-none-eabi/9.3.1/../../../../arm-none-eabi/lib/thumb/v7-m/nofp/libc_nano.a(lib_a-errno.o)
                              ./Core/Src/syscalls.o (__errno)
/Applications/STM32CubeIDE.app/Contents/Eclipse/plugins/com.st.stm32cube.ide.mcu.externaltools.gnu-tools-for-stm32.9-2020-q2-update.macos64_2.0.0.202105311346/tools/bin/../lib/gcc/arm-none-eabi/9.3.1/../../../../arm-none-eabi/lib/thumb/v7-m/nofp/libc_nano.a(lib_a-exit.o)
                              /Applications/STM32CubeIDE.app/Contents/Eclipse/plugins/com.st.stm32cube.ide.mcu.externaltools.gnu-tools-for-stm32.9-2020-q2-update.macos64_2.0.0.202105311346/tools/bin/../lib/gcc/arm-none-eabi/9.3.1/../../../../arm-none-eabi/lib/thumb/v7-m/nofp/crt0.o (exit)
/Applications/STM32CubeIDE.app/Contents/Eclipse/plugins/com.st.stm32cube.ide.mcu.externaltools.gnu-tools-for-stm32.9-2020-q2-update.macos64_2.0.0.202105311346/tools/bin/../lib/gcc/arm-none-eabi/9.3.1/../../../../arm-none-eabi/lib/thumb/v7-m/nofp/libc_nano.a(lib_a-impure.o)
                              /Applications/STM32CubeIDE.app/Contents/Eclipse/plugins/com.st.stm32cube.ide.mcu.externaltools.gnu-tools-for-stm32.9-2020-q2-update.macos64_2.0.0.202105311346/tools/bin/../lib/gcc/arm-none-eabi/9.3.1/../../../../arm-none-eabi/lib/thumb/v7-m/nofp/libc_nano.a(lib_a-exit.o) (_global_impure_ptr)
/Applications/STM32CubeIDE.app/Contents/Eclipse/plugins/com.st.stm32cube.ide.mcu.externaltools.gnu-tools-for-stm32.9-2020-q2-update.macos64_2.0.0.202105311346/tools/bin/../lib/gcc/arm-none-eabi/9.3.1/../../../../arm-none-eabi/lib/thumb/v7-m/nofp/libc_nano.a(lib_a-init.o)
                              /Applications/STM32CubeIDE.app/Contents/Eclipse/plugins/com.st.stm32cube.ide.mcu.externaltools.gnu-tools-for-stm32.9-2020-q2-update.macos64_2.0.0.202105311346/tools/bin/../lib/gcc/arm-none-eabi/9.3.1/../../../../arm-none-eabi/lib/thumb/v7-m/nofp/crt0.o (__libc_init_array)
/Applications/STM32CubeIDE.app/Contents/Eclipse/plugins/com.st.stm32cube.ide.mcu.externaltools.gnu-tools-for-stm32.9-2020-q2-update.macos64_2.0.0.202105311346/tools/bin/../lib/gcc/arm-none-eabi/9.3.1/../../../../arm-none-eabi/lib/thumb/v7-m/nofp/libc_nano.a(lib_a-memset.o)
                              /Applications/STM32CubeIDE.app/Contents/Eclipse/plugins/com.st.stm32cube.ide.mcu.externaltools.gnu-tools-for-stm32.9-2020-q2-update.macos64_2.0.0.202105311346/tools/bin/../lib/gcc/arm-none-eabi/9.3.1/../../../../arm-none-eabi/lib/thumb/v7-m/nofp/crt0.o (memset)
/Applications/STM32CubeIDE.app/Contents/Eclipse/plugins/com.st.stm32cube.ide.mcu.externaltools.gnu-tools-for-stm32.9-2020-q2-update.macos64_2.0.0.202105311346/tools/bin/../lib/gcc/arm-none-eabi/9.3.1/../../../../arm-none-eabi/lib/thumb/v7-m/nofp/libc_nano.a(lib_a-nano-vfprintf_float.o)
                              (_printf_float)
/Applications/STM32CubeIDE.app/Contents/Eclipse/plugins/com.st.stm32cube.ide.mcu.externaltools.gnu-tools-for-stm32.9-2020-q2-update.macos64_2.0.0.202105311346/tools/bin/../lib/gcc/arm-none-eabi/9.3.1/../../../../arm-none-eabi/lib/thumb/v7-m/nofp/libc_nano.a(lib_a-nano-vfprintf_i.o)
                              /Applications/STM32CubeIDE.app/Contents/Eclipse/plugins/com.st.stm32cube.ide.mcu.externaltools.gnu-tools-for-stm32.9-2020-q2-update.macos64_2.0.0.202105311346/tools/bin/../lib/gcc/arm-none-eabi/9.3.1/../../../../arm-none-eabi/lib/thumb/v7-m/nofp/libc_nano.a(lib_a-nano-vfprintf_float.o) (_printf_common)
/Applications/STM32CubeIDE.app/Contents/Eclipse/plugins/com.st.stm32cube.ide.mcu.externaltools.gnu-tools-for-stm32.9-2020-q2-update.macos64_2.0.0.202105311346/tools/bin/../lib/gcc/arm-none-eabi/9.3.1/../../../../arm-none-eabi/lib/thumb/v7-m/nofp/libc_nano.a(lib_a-sprintf.o)
                              ./Core/Src/main.o (sprintf)
/Applications/STM32CubeIDE.app/Contents/Eclipse/plugins/com.st.stm32cube.ide.mcu.externaltools.gnu-tools-for-stm32.9-2020-q2-update.macos64_2.0.0.202105311346/tools/bin/../lib/gcc/arm-none-eabi/9.3.1/../../../../arm-none-eabi/lib/thumb/v7-m/nofp/libc_nano.a(lib_a-strlen.o)
                              ./3rd_Party_Drivers/src/fonts.o (strlen)
/Applications/STM32CubeIDE.app/Contents/Eclipse/plugins/com.st.stm32cube.ide.mcu.externaltools.gnu-tools-for-stm32.9-2020-q2-update.macos64_2.0.0.202105311346/tools/bin/../lib/gcc/arm-none-eabi/9.3.1/../../../../arm-none-eabi/lib/thumb/v7-m/nofp/libc_nano.a(lib_a-dtoa.o)
                              /Applications/STM32CubeIDE.app/Contents/Eclipse/plugins/com.st.stm32cube.ide.mcu.externaltools.gnu-tools-for-stm32.9-2020-q2-update.macos64_2.0.0.202105311346/tools/bin/../lib/gcc/arm-none-eabi/9.3.1/../../../../arm-none-eabi/lib/thumb/v7-m/nofp/libc_nano.a(lib_a-nano-vfprintf_float.o) (_dtoa_r)
[...]
Memory Configuration

Name             Origin             Length             Attributes
RAM              0x0000000020000000 0x0000000000005000 xrw
FLASH            0x0000000008000000 0x0000000000010000 xr
*default*        0x0000000000000000 0xffffffffffffffff

Linker script and memory map

LOAD /Applications/STM32CubeIDE.app/Contents/Eclipse/plugins/com.st.stm32cube.ide.mcu.externaltools.gnu-tools-for-stm32.9-2020-q2-update.macos64_2.0.0.202105311346/tools/bin/../lib/gcc/arm-none-eabi/9.3.1/thumb/v7-m/nofp/crti.o
LOAD /Applications/STM32CubeIDE.app/Contents/Eclipse/plugins/com.st.stm32cube.ide.mcu.externaltools.gnu-tools-for-stm32.9-2020-q2-update.macos64_2.0.0.202105311346/tools/bin/../lib/gcc/arm-none-eabi/9.3.1/thumb/v7-m/nofp/crtbegin.o
LOAD /Applications/STM32CubeIDE.app/Contents/Eclipse/plugins/com.st.stm32cube.ide.mcu.externaltools.gnu-tools-for-stm32.9-2020-q2-update.macos64_2.0.0.202105311346/tools/bin/../lib/gcc/arm-none-eabi/9.3.1/../../../../arm-none-eabi/lib/thumb/v7-m/nofp/crt0.o
LOAD ./3rd_Party_Drivers/src/MAX30102.o
LOAD ./3rd_Party_Drivers/src/algorithm.o
LOAD ./3rd_Party_Drivers/src/fonts.o
LOAD ./3rd_Party_Drivers/src/ssd1306.o
LOAD ./Core/Src/main.o
LOAD ./Core/Src/stm32f1xx_hal_msp.o
LOAD ./Core/Src/stm32f1xx_it.o
LOAD ./Core/Src/syscalls.o
LOAD ./Core/Src/sysmem.o
LOAD ./Core/Src/system_stm32f1xx.o
LOAD ./Core/Startup/startup_stm32f103c8tx.o
LOAD ./Drivers/STM32F1xx_HAL_Driver/Src/stm32f1xx_hal.o
LOAD ./Drivers/STM32F1xx_HAL_Driver/Src/stm32f1xx_hal_adc.o
LOAD ./Drivers/STM32F1xx_HAL_Driver/Src/stm32f1xx_hal_adc_ex.o
LOAD ./Drivers/STM32F1xx_HAL_Driver/Src/stm32f1xx_hal_cortex.o
LOAD ./Drivers/STM32F1xx_HAL_Driver/Src/stm32f1xx_hal_dma.o
LOAD ./Drivers/STM32F1xx_HAL_Driver/Src/stm32f1xx_hal_exti.o
LOAD ./Drivers/STM32F1xx_HAL_Driver/Src/stm32f1xx_hal_flash.o
LOAD ./Drivers/STM32F1xx_HAL_Driver/Src/stm32f1xx_hal_flash_ex.o
LOAD ./Drivers/STM32F1xx_HAL_Driver/Src/stm32f1xx_hal_gpio.o
LOAD ./Drivers/STM32F1xx_HAL_Driver/Src/stm32f1xx_hal_gpio_ex.o
LOAD ./Drivers/STM32F1xx_HAL_Driver/Src/stm32f1xx_hal_i2c.o
LOAD ./Drivers/STM32F1xx_HAL_Driver/Src/stm32f1xx_hal_pwr.o
LOAD ./Drivers/STM32F1xx_HAL_Driver/Src/stm32f1xx_hal_rcc.o
LOAD ./Drivers/STM32F1xx_HAL_Driver/Src/stm32f1xx_hal_rcc_ex.o
LOAD ./Drivers/STM32F1xx_HAL_Driver/Src/stm32f1xx_hal_tim.o
LOAD ./Drivers/STM32F1xx_HAL_Driver/Src/stm32f1xx_hal_tim_ex.o
LOAD ./Drivers/STM32F1xx_HAL_Driver/Src/stm32f1xx_hal_uart.o
START GROUP
LOAD /Applications/STM32CubeIDE.app/Contents/Eclipse/plugins/com.st.stm32cube.ide.mcu.externaltools.gnu-tools-for-stm32.9-2020-q2-update.macos64_2.0.0.202105311346/tools/bin/../lib/gcc/arm-none-eabi/9.3.1/../../../../arm-none-eabi/lib/thumb/v7-m/nofp/libc_nano.a
LOAD /Applications/STM32CubeIDE.app/Contents/Eclipse/plugins/com.st.stm32cube.ide.mcu.externaltools.gnu-tools-for-stm32.9-2020-q2-update.macos64_2.0.0.202105311346/tools/bin/../lib/gcc/arm-none-eabi/9.3.1/../../../../arm-none-eabi/lib/thumb/v7-m/nofp/libm.a
END GROUP
START GROUP
LOAD /Applications/STM32CubeIDE.app/Contents/Eclipse/plugins/com.st.stm32cube.ide.mcu.externaltools.gnu-tools-for-stm32.9-2020-q2-update.macos64_2.0.0.202105311346/tools/bin/../lib/gcc/arm-none-eabi/9.3.1/thumb/v7-m/nofp/libgcc.a
LOAD /Applications/STM32CubeIDE.app/Contents/Eclipse/plugins/com.st.stm32cube.ide.mcu.externaltools.gnu-tools-for-stm32.9-2020-q2-update.macos64_2.0.0.202105311346/tools/bin/../lib/gcc/arm-none-eabi/9.3.1/../../../../arm-none-eabi/lib/thumb/v7-m/nofp/libc_nano.a
END GROUP
START GROUP
LOAD /Applications/STM32CubeIDE.app/Contents/Eclipse/plugins/com.st.stm32cube.ide.mcu.externaltools.gnu-tools-for-stm32.9-2020-q2-update.macos64_2.0.0.202105311346/tools/bin/../lib/gcc/arm-none-eabi/9.3.1/thumb/v7-m/nofp/libgcc.a
LOAD /Applications/STM32CubeIDE.app/Contents/Eclipse/plugins/com.st.stm32cube.ide.mcu.externaltools.gnu-tools-for-stm32.9-2020-q2-update.macos64_2.0.0.202105311346/tools/bin/../lib/gcc/arm-none-eabi/9.3.1/../../../../arm-none-eabi/lib/thumb/v7-m/nofp/libc_nano.a
LOAD /Applications/STM32CubeIDE.app/Contents/Eclipse/plugins/com.st.stm32cube.ide.mcu.externaltools.gnu-tools-for-stm32.9-2020-q2-update.macos64_2.0.0.202105311346/tools/bin/../lib/gcc/arm-none-eabi/9.3.1/../../../../arm-none-eabi/lib/thumb/v7-m/nofp/libnosys.a
END GROUP
START GROUP
LOAD /Applications/STM32CubeIDE.app/Contents/Eclipse/plugins/com.st.stm32cube.ide.mcu.externaltools.gnu-tools-for-stm32.9-2020-q2-update.macos64_2.0.0.202105311346/tools/bin/../lib/gcc/arm-none-eabi/9.3.1/thumb/v7-m/nofp/libgcc.a
LOAD /Applications/STM32CubeIDE.app/Contents/Eclipse/plugins/com.st.stm32cube.ide.mcu.externaltools.gnu-tools-for-stm32.9-2020-q2-update.macos64_2.0.0.202105311346/tools/bin/../lib/gcc/arm-none-eabi/9.3.1/../../../../arm-none-eabi/lib/thumb/v7-m/nofp/libc_nano.a
LOAD /Applications/STM32CubeIDE.app/Contents/Eclipse/plugins/com.st.stm32cube.ide.mcu.externaltools.gnu-tools-for-stm32.9-2020-q2-update.macos64_2.0.0.202105311346/tools/bin/../lib/gcc/arm-none-eabi/9.3.1/../../../../arm-none-eabi/lib/thumb/v7-m/nofp/libnosys.a
END GROUP
LOAD /Applications/STM32CubeIDE.app/Contents/Eclipse/plugins/com.st.stm32cube.ide.mcu.externaltools.gnu-tools-for-stm32.9-2020-q2-update.macos64_2.0.0.202105311346/tools/bin/../lib/gcc/arm-none-eabi/9.3.1/thumb/v7-m/nofp/crtend.o
LOAD /Applications/STM32CubeIDE.app/Contents/Eclipse/plugins/com.st.stm32cube.ide.mcu.externaltools.gnu-tools-for-stm32.9-2020-q2-update.macos64_2.0.0.202105311346/tools/bin/../lib/gcc/arm-none-eabi/9.3.1/thumb/v7-m/nofp/crtn.o
                0x0000000020005000                _estack = (ORIGIN (RAM) + LENGTH (RAM))
                0x0000000000000200                _Min_Heap_Size = 0x200
                0x0000000000000400                _Min_Stack_Size = 0x400

.isr_vector     0x0000000008000000      0x10c
                0x0000000008000000                . = ALIGN (0x4)
 *(.isr_vector)
 .isr_vector    0x0000000008000000      0x10c ./Core/Startup/startup_stm32f103c8tx.o
                0x0000000008000000                g_pfnVectors
                0x000000000800010c                . = ALIGN (0x4)

.text           0x0000000008000110     0xaa84
                0x0000000008000110                . = ALIGN (0x4)
 *(.text)
 .text          0x0000000008000110       0x40 /Applications/STM32CubeIDE.app/Contents/Eclipse/plugins/com.st.stm32cube.ide.mcu.externaltools.gnu-tools-for-stm32.9-2020-q2-update.macos64_2.0.0.202105311346/tools/bin/../lib/gcc/arm-none-eabi/9.3.1/thumb/v7-m/nofp/crtbegin.o
 .text          0x0000000008000150       0x10 /Applications/STM32CubeIDE.app/Contents/Eclipse/plugins/com.st.stm32cube.ide.mcu.externaltools.gnu-tools-for-stm32.9-2020-q2-update.macos64_2.0.0.202105311346/tools/bin/../lib/gcc/arm-none-eabi/9.3.1/../../../../arm-none-eabi/lib/thumb/v7-m/nofp/libc_nano.a(lib_a-strlen.o)
                0x0000000008000150                strlen
 .text          0x0000000008000160      0x378 /Applications/STM32CubeIDE.app/Contents/Eclipse/plugins/com.st.stm32cube.ide.mcu.externaltools.gnu-tools-for-stm32.9-2020-q2-update.macos64_2.0.0.202105311346/tools/bin/../lib/gcc/arm-none-eabi/9.3.1/thumb/v7-m/nofp/libgcc.a(_arm_addsubdf3.o)
                0x0000000008000160                __aeabi_drsub
                0x0000000008000168                __subdf3
                0x0000000008000168                __aeabi_dsub
                0x000000000800016c                __aeabi_dadd
                0x000000000800016c                __adddf3
                0x00000000080003e4                __aeabi_ui2d
                0x00000000080003e4                __floatunsidf
                0x0000000008000404                __floatsidf
                0x0000000008000404                __aeabi_i2d
                0x0000000008000428                __extendsfdf2
                0x0000000008000428                __aeabi_f2d
                0x000000000800046c                __aeabi_ul2d
                0x000000000800046c                __floatundidf
                0x000000000800047c                __aeabi_l2d
                0x000000000800047c                __floatdidf
 .text          0x00000000080004d8      0x424 /Applications/STM32CubeIDE.app/Contents/Eclipse/plugins/com.st.stm32cube.ide.mcu.externaltools.gnu-tools-for-stm32.9-2020-q2-update.macos64_2.0.0.202105311346/tools/bin/../lib/gcc/arm-none-eabi/9.3.1/thumb/v7-m/nofp/libgcc.a(_arm_muldivdf3.o)
                0x00000000080004d8                __aeabi_dmul
                0x00000000080004d8                __muldf3
                0x000000000800072c                __aeabi_ddiv
                0x000000000800072c                __divdf3
 .text          0x00000000080008fc      0x110 /Applications/STM32CubeIDE.app/Contents/Eclipse/plugins/com.st.stm32cube.ide.mcu.externaltools.gnu-tools-for-stm32.9-2020-q2-update.macos64_2.0.0.202105311346/tools/bin/../lib/gcc/arm-none-eabi/9.3.1/thumb/v7-m/nofp/libgcc.a(_arm_cmpdf2.o)
                0x00000000080008fc                __gedf2
                0x00000000080008fc                __gtdf2
                0x0000000008000904                __ledf2
                0x0000000008000904                __ltdf2
                0x000000000800090c                __cmpdf2
                0x000000000800090c                __eqdf2
                0x000000000800090c                __nedf2
                0x0000000008000988                __aeabi_cdrcmple
                0x0000000008000998                __aeabi_cdcmple
                0x0000000008000998                __aeabi_cdcmpeq
                0x00000000080009a8                __aeabi_dcmpeq
                0x00000000080009bc                __aeabi_dcmplt
                0x00000000080009d0                __aeabi_dcmple
                0x00000000080009e4                __aeabi_dcmpge
                0x00000000080009f8                __aeabi_dcmpgt
 .text          0x0000000008000a0c       0x2c /Applications/STM32CubeIDE.app/Contents/Eclipse/plugins/com.st.stm32cube.ide.mcu.externaltools.gnu-tools-for-stm32.9-2020-q2-update.macos64_2.0.0.202105311346/tools/bin/../lib/gcc/arm-none-eabi/9.3.1/thumb/v7-m/nofp/libgcc.a(_arm_unorddf2.o)
                0x0000000008000a0c                __aeabi_dcmpun
                0x0000000008000a0c                __unorddf2
 .text          0x0000000008000a38       0x50 /Applications/STM32CubeIDE.app/Contents/Eclipse/plugins/com.st.stm32cube.ide.mcu.externaltools.gnu-tools-for-stm32.9-2020-q2-update.macos64_2.0.0.202105311346/tools/bin/../lib/gcc/arm-none-eabi/9.3.1/thumb/v7-m/nofp/libgcc.a(_arm_fixdfsi.o)
                0x0000000008000a38                __fixdfsi
                0x0000000008000a38                __aeabi_d2iz
 .text          0x0000000008000a88       0xa0 /Applications/STM32CubeIDE.app/Contents/Eclipse/plugins/com.st.stm32cube.ide.mcu.externaltools.gnu-tools-for-stm32.9-2020-q2-update.macos64_2.0.0.202105311346/tools/bin/../lib/gcc/arm-none-eabi/9.3.1/thumb/v7-m/nofp/libgcc.a(_arm_truncdfsf2.o)
                0x0000000008000a88                __aeabi_d2f
                0x0000000008000a88                __truncdfsf2
 .text          0x0000000008000b28      0x21c /Applications/STM32CubeIDE.app/Contents/Eclipse/plugins/com.st.stm32cube.ide.mcu.externaltools.gnu-tools-for-stm32.9-2020-q2-update.macos64_2.0.0.202105311346/tools/bin/../lib/gcc/arm-none-eabi/9.3.1/thumb/v7-m/nofp/libgcc.a(_arm_addsubsf3.o)
                0x0000000008000b28                __aeabi_frsub
                0x0000000008000b30                __aeabi_fsub
                0x0000000008000b30                __subsf3
                0x0000000008000b34                __aeabi_fadd
                0x0000000008000b34                __addsf3
                0x0000000008000c94                __aeabi_ui2f
                0x0000000008000c94                __floatunsisf
                0x0000000008000c9c                __floatsisf
                0x0000000008000c9c                __aeabi_i2f
                0x0000000008000cb8                __aeabi_ul2f
                0x0000000008000cb8                __floatundisf
                0x0000000008000cc8                __aeabi_l2f
                0x0000000008000cc8                __floatdisf
 .text          0x0000000008000d44      0x2a0 /Applications/STM32CubeIDE.app/Contents/Eclipse/plugins/com.st.stm32cube.ide.mcu.externaltools.gnu-tools-for-stm32.9-2020-q2-update.macos64_2.0.0.202105311346/tools/bin/../lib/gcc/arm-none-eabi/9.3.1/thumb/v7-m/nofp/libgcc.a(_arm_muldivsf3.o)
                0x0000000008000d44                __mulsf3
                0x0000000008000d44                __aeabi_fmul
                0x0000000008000eac                __divsf3
                0x0000000008000eac                __aeabi_fdiv
 .text          0x0000000008000fe4       0x4c /Applications/STM32CubeIDE.app/Contents/Eclipse/plugins/com.st.stm32cube.ide.mcu.externaltools.gnu-tools-for-stm32.9-2020-q2-update.macos64_2.0.0.202105311346/tools/bin/../lib/gcc/arm-none-eabi/9.3.1/thumb/v7-m/nofp/libgcc.a(_arm_fixsfsi.o)
                0x0000000008000fe4                __fixsfsi
                0x0000000008000fe4                __aeabi_f2iz
 *(.text*)
 .text.Max30102_WriteReg
                0x0000000008001030       0x44 ./3rd_Party_Drivers/src/MAX30102.o
                0x0000000008001030                Max30102_WriteReg
 .text.Max30102_ReadReg
                0x0000000008001074       0x40 ./3rd_Party_Drivers/src/MAX30102.o
                0x0000000008001074                Max30102_ReadReg
 .text.Max30102_WriteRegisterBit
                0x00000000080010b4       0x7e ./3rd_Party_Drivers/src/MAX30102.o
                0x00000000080010b4                Max30102_WriteRegisterBit
 *fill*         0x0000000008001132        0x2 
 .text.Max30102_ReadFifo
                0x0000000008001134       0xdc ./3rd_Party_Drivers/src/MAX30102.o
                0x0000000008001134                Max30102_ReadFifo
 .text.Max30102_SetIntAlmostFullEnabled
                0x0000000008001210       0x20 ./3rd_Party_Drivers/src/MAX30102.o
                0x0000000008001210                Max30102_SetIntAlmostFullEnabled
 .text.Max30102_SetIntFifoDataReadyEnabled
                0x0000000008001230       0x20 ./3rd_Party_Drivers/src/MAX30102.o
                0x0000000008001230                Max30102_SetIntFifoDataReadyEnabled
 .text.Max30102_ReadInterruptStatus
                0x0000000008001250       0x48 ./3rd_Party_Drivers/src/MAX30102.o
                0x0000000008001250                Max30102_ReadInterruptStatus
 .text.Max30102_InterruptCallback
                0x0000000008001298      0x164 ./3rd_Party_Drivers/src/MAX30102.o
                0x0000000008001298                Max30102_InterruptCallback
 .text.Max30102_FifoWritePointer
                0x00000000080013fc       0x2e ./3rd_Party_Drivers/src/MAX30102.o
                0x00000000080013fc                Max30102_FifoWritePointer
 .text.Max30102_FifoOverflowCounter
                0x000000000800142a       0x2e ./3rd_Party_Drivers/src/MAX30102.o
                0x000000000800142a                Max30102_FifoOverflowCounter
 .text.Max30102_FifoReadPointer
                0x0000000008001458       0x2e ./3rd_Party_Drivers/src/MAX30102.o
                0x0000000008001458                Max30102_FifoReadPointer
 .text.Max30102_FifoSampleAveraging
                0x0000000008001486       0x5a ./3rd_Party_Drivers/src/MAX30102.o
                0x0000000008001486                Max30102_FifoSampleAveraging
 .text.Max30102_FifoRolloverEnable
                0x00000000080014e0       0x26 ./3rd_Party_Drivers/src/MAX30102.o
                0x00000000080014e0                Max30102_FifoRolloverEnable
 .text.Max30102_FifoAlmostFullValue
                0x0000000008001506       0x7a ./3rd_Party_Drivers/src/MAX30102.o
                0x0000000008001506                Max30102_FifoAlmostFullValue
 .text.Max30102_Reset
                0x0000000008001580       0x44 ./3rd_Party_Drivers/src/MAX30102.o
                0x0000000008001580                Max30102_Reset
 .text.Max30102_SetMode
                0x00000000080015c4       0x5e ./3rd_Party_Drivers/src/MAX30102.o
                0x00000000080015c4                Max30102_SetMode
 .text.Max30102_SpO2AdcRange
                0x0000000008001622       0x60 ./3rd_Party_Drivers/src/MAX30102.o
                0x0000000008001622                Max30102_SpO2AdcRange
 .text.Max30102_SpO2SampleRate
                0x0000000008001682       0x60 ./3rd_Party_Drivers/src/MAX30102.o
                0x0000000008001682                Max30102_SpO2SampleRate
 .text.Max30102_SpO2LedPulseWidth
                0x00000000080016e2       0x5e ./3rd_Party_Drivers/src/MAX30102.o
                0x00000000080016e2                Max30102_SpO2LedPulseWidth
 .text.Max30102_Led1PulseAmplitude
                0x0000000008001740       0x28 ./3rd_Party_Drivers/src/MAX30102.o
                0x0000000008001740                Max30102_Led1PulseAmplitude
 .text.Max30102_Led2PulseAmplitude
                0x0000000008001768       0x28 ./3rd_Party_Drivers/src/MAX30102.o
                0x0000000008001768                Max30102_Led2PulseAmplitude
 .text.Max30102_GetHeartRate
                0x0000000008001790       0x14 ./3rd_Party_Drivers/src/MAX30102.o
                0x0000000008001790                Max30102_GetHeartRate
 .text.Max30102_GetSpO2Value
                0x00000000080017a4       0x14 ./3rd_Party_Drivers/src/MAX30102.o
                0x00000000080017a4                Max30102_GetSpO2Value
 .text.Max30102_Task
                0x00000000080017b8      0x168 ./3rd_Party_Drivers/src/MAX30102.o
                0x00000000080017b8                Max30102_Task
 .text.Max30102_Init
                0x0000000008001920      0x12c ./3rd_Party_Drivers/src/MAX30102.o
                0x0000000008001920                Max30102_Init
 .text.maxim_heart_rate_and_oxygen_saturation
                0x0000000008001a4c      0x9bc ./3rd_Party_Drivers/src/algorithm.o
                0x0000000008001a4c                maxim_heart_rate_and_oxygen_saturation
 .text.maxim_find_peaks
                0x0000000008002408       0x42 ./3rd_Party_Drivers/src/algorithm.o
                0x0000000008002408                maxim_find_peaks
 .text.maxim_peaks_above_min_height
                0x000000000800244a       0xe6 ./3rd_Party_Drivers/src/algorithm.o
                0x000000000800244a                maxim_peaks_above_min_height
 .text.maxim_remove_close_peaks
                0x0000000008002530       0xc0 ./3rd_Party_Drivers/src/algorithm.o
                0x0000000008002530                maxim_remove_close_peaks
 .text.maxim_sort_ascend
                0x00000000080025f0       0x84 ./3rd_Party_Drivers/src/algorithm.o
                0x00000000080025f0                maxim_sort_ascend
 .text.maxim_sort_indices_descend
                0x0000000008002674       0x96 ./3rd_Party_Drivers/src/algorithm.o
                0x0000000008002674                maxim_sort_indices_descend
 *fill*         0x000000000800270a        0x2 
 .text.SSD1306_Init
                0x000000000800270c      0x188 ./3rd_Party_Drivers/src/ssd1306.o
                0x000000000800270c                SSD1306_Init
 .text.SSD1306_UpdateScreen
                0x0000000008002894       0x5c ./3rd_Party_Drivers/src/ssd1306.o
                0x0000000008002894                SSD1306_UpdateScreen
 .text.SSD1306_Fill
                0x00000000080028f0       0x30 ./3rd_Party_Drivers/src/ssd1306.o
                0x00000000080028f0                SSD1306_Fill
 .text.SSD1306_DrawPixel
                0x0000000008002920       0xbc ./3rd_Party_Drivers/src/ssd1306.o
                0x0000000008002920                SSD1306_DrawPixel
 .text.SSD1306_SetPosition
                0x00000000080029dc       0x2c ./3rd_Party_Drivers/src/ssd1306.o
                0x00000000080029dc                SSD1306_SetPosition
 .text.SSD1306_PrintCharacter
                0x0000000008002a08      0x100 ./3rd_Party_Drivers/src/ssd1306.o
                0x0000000008002a08                SSD1306_PrintCharacter
 .text.SSD1306_PrintString
                0x0000000008002b08       0x4a ./3rd_Party_Drivers/src/ssd1306.o
                0x0000000008002b08                SSD1306_PrintString
 *fill*         0x0000000008002b52        0x2 
 .text.ssd1306_I2C_Init
                0x0000000008002b54       0x28 ./3rd_Party_Drivers/src/ssd1306.o
                0x0000000008002b54                ssd1306_I2C_Init
 .text.ssd1306_I2C_WriteMulti
                0x0000000008002b7c       0x90 ./3rd_Party_Drivers/src/ssd1306.o
                0x0000000008002b7c                ssd1306_I2C_WriteMulti
 .text.ssd1306_I2C_Write
                0x0000000008002c0c       0x3c ./3rd_Party_Drivers/src/ssd1306.o
                0x0000000008002c0c                ssd1306_I2C_Write
 .text.main     0x0000000008002c48      0x180 ./Core/Src/main.o
                0x0000000008002c48                main
 .text.SystemClock_Config
                0x0000000008002dc8       0xb6 ./Core/Src/main.o
                0x0000000008002dc8                SystemClock_Config
 *fill*         0x0000000008002e7e        0x2 
 .text.MX_ADC1_Init
                0x0000000008002e80       0x7c ./Core/Src/main.o
 .text.MX_I2C1_Init
                0x0000000008002efc       0x5c ./Core/Src/main.o
 .text.MX_I2C2_Init
                0x0000000008002f58       0x5c ./Core/Src/main.o
 .text.MX_TIM2_Init
                0x0000000008002fb4       0x9c ./Core/Src/main.o
 .text.MX_TIM3_Init
                0x0000000008003050       0x9c ./Core/Src/main.o
 .text.MX_USART2_UART_Init
                0x00000000080030ec       0x54 ./Core/Src/main.o
 .text.MX_GPIO_Init
                0x0000000008003140      0x10c ./Core/Src/main.o
 .text._BootUpSequence
                0x000000000800324c       0x38 ./Core/Src/main.o
                0x000000000800324c                _BootUpSequence
 .text._BluetoothReceive
                0x0000000008003284       0x28 ./Core/Src/main.o
                0x0000000008003284                _BluetoothReceive
 .text._Show_HeartRate_SPO2
                0x00000000080032ac       0x84 ./Core/Src/main.o
                0x00000000080032ac                _Show_HeartRate_SPO2
 .text._BatteryVoltage
                0x0000000008003330       0x84 ./Core/Src/main.o
                0x0000000008003330                _BatteryVoltage
 .text._BluetoothSend
                0x00000000080033b4       0x80 ./Core/Src/main.o
                0x00000000080033b4                _BluetoothSend
 .text.HAL_GPIO_EXTI_Callback
                0x0000000008003434       0x1e ./Core/Src/main.o
                0x0000000008003434                HAL_GPIO_EXTI_Callback
 *fill*         0x0000000008003452        0x2 
 .text.HAL_TIM_PeriodElapsedCallback
                0x0000000008003454       0x40 ./Core/Src/main.o
                0x0000000008003454                HAL_TIM_PeriodElapsedCallback
 .text.Error_Handler
                0x0000000008003494        0xa ./Core/Src/main.o
                0x0000000008003494                Error_Handler
 *fill*         0x000000000800349e        0x2 
 .text.HAL_MspInit
                0x00000000080034a0       0x64 ./Core/Src/stm32f1xx_hal_msp.o
                0x00000000080034a0                HAL_MspInit
 .text.HAL_ADC_MspInit
                0x0000000008003504       0x78 ./Core/Src/stm32f1xx_hal_msp.o
                0x0000000008003504                HAL_ADC_MspInit
 .text.HAL_I2C_MspInit
                0x000000000800357c       0xd8 ./Core/Src/stm32f1xx_hal_msp.o
                0x000000000800357c                HAL_I2C_MspInit
 .text.HAL_TIM_Base_MspInit
                0x0000000008003654       0x80 ./Core/Src/stm32f1xx_hal_msp.o
                0x0000000008003654                HAL_TIM_Base_MspInit
 .text.HAL_UART_MspInit
                0x00000000080036d4       0xa4 ./Core/Src/stm32f1xx_hal_msp.o
                0x00000000080036d4                HAL_UART_MspInit
 .text.NMI_Handler
                0x0000000008003778        0x6 ./Core/Src/stm32f1xx_it.o
                0x0000000008003778                NMI_Handler
 .text.HardFault_Handler
                0x000000000800377e        0x6 ./Core/Src/stm32f1xx_it.o
                0x000000000800377e                HardFault_Handler
 .text.MemManage_Handler
                0x0000000008003784        0x6 ./Core/Src/stm32f1xx_it.o
                0x0000000008003784                MemManage_Handler
 .text.BusFault_Handler
                0x000000000800378a        0x6 ./Core/Src/stm32f1xx_it.o
                0x000000000800378a                BusFault_Handler
 .text.UsageFault_Handler
                0x0000000008003790        0x6 ./Core/Src/stm32f1xx_it.o
                0x0000000008003790                UsageFault_Handler
 .text.SVC_Handler
                0x0000000008003796        0xc ./Core/Src/stm32f1xx_it.o
                0x0000000008003796                SVC_Handler
 .text.DebugMon_Handler
                0x00000000080037a2        0xc ./Core/Src/stm32f1xx_it.o
                0x00000000080037a2                DebugMon_Handler
 .text.PendSV_Handler
                0x00000000080037ae        0xc ./Core/Src/stm32f1xx_it.o
                0x00000000080037ae                PendSV_Handler
 .text.SysTick_Handler
                0x00000000080037ba        0xc ./Core/Src/stm32f1xx_it.o
                0x00000000080037ba                SysTick_Handler
 .text.EXTI9_5_IRQHandler
                0x00000000080037c6       0x10 ./Core/Src/stm32f1xx_it.o
                0x00000000080037c6                EXTI9_5_IRQHandler
 *fill*         0x00000000080037d6        0x2 
 .text.TIM2_IRQHandler
                0x00000000080037d8       0x14 ./Core/Src/stm32f1xx_it.o
                0x00000000080037d8                TIM2_IRQHandler
 .text.TIM3_IRQHandler
                0x00000000080037ec       0x14 ./Core/Src/stm32f1xx_it.o
                0x00000000080037ec                TIM3_IRQHandler
 .text.USART2_IRQHandler
                0x0000000008003800       0x14 ./Core/Src/stm32f1xx_it.o
                0x0000000008003800                USART2_IRQHandler
 .text._getpid  0x0000000008003814        0xe ./Core/Src/syscalls.o
                0x0000000008003814                _getpid
 .text._kill    0x0000000008003822       0x20 ./Core/Src/syscalls.o
                0x0000000008003822                _kill
 .text._exit    0x0000000008003842       0x14 ./Core/Src/syscalls.o
                0x0000000008003842                _exit
 .text._read    0x0000000008003856       0x3a ./Core/Src/syscalls.o
                0x0000000008003856                _read
 .text._write   0x0000000008003890       0x38 ./Core/Src/syscalls.o
                0x0000000008003890                _write
 .text._close   0x00000000080038c8       0x16 ./Core/Src/syscalls.o
                0x00000000080038c8                _close
 .text._fstat   0x00000000080038de       0x1e ./Core/Src/syscalls.o
                0x00000000080038de                _fstat
 .text._isatty  0x00000000080038fc       0x14 ./Core/Src/syscalls.o
                0x00000000080038fc                _isatty
 .text._lseek   0x0000000008003910       0x18 ./Core/Src/syscalls.o
                0x0000000008003910                _lseek
 .text._sbrk    0x0000000008003928       0x6c ./Core/Src/sysmem.o
                0x0000000008003928                _sbrk
 .text.SystemInit
                0x0000000008003994        0xc ./Core/Src/system_stm32f1xx.o
                0x0000000008003994                SystemInit
 .text.Reset_Handler
                0x00000000080039a0       0x48 ./Core/Startup/startup_stm32f103c8tx.o
                0x00000000080039a0                Reset_Handler
 .text.Default_Handler
                0x00000000080039e8        0x2 ./Core/Startup/startup_stm32f103c8tx.o
                0x00000000080039e8                USBWakeUp_IRQHandler
                0x00000000080039e8                EXTI2_IRQHandler
                0x00000000080039e8                TIM1_CC_IRQHandler
                0x00000000080039e8                PVD_IRQHandler
                0x00000000080039e8                EXTI3_IRQHandler
                0x00000000080039e8                EXTI0_IRQHandler
                0x00000000080039e8                I2C2_EV_IRQHandler
                0x00000000080039e8                ADC1_2_IRQHandler
                0x00000000080039e8                SPI1_IRQHandler
                0x00000000080039e8                TAMPER_IRQHandler
                0x00000000080039e8                DMA1_Channel4_IRQHandler
                0x00000000080039e8                USART3_IRQHandler
                0x00000000080039e8                RTC_IRQHandler
                0x00000000080039e8                DMA1_Channel7_IRQHandler
                0x00000000080039e8                CAN1_RX1_IRQHandler
                0x00000000080039e8                TIM4_IRQHandler
                0x00000000080039e8                I2C1_EV_IRQHandler
                0x00000000080039e8                DMA1_Channel6_IRQHandler
                0x00000000080039e8                RCC_IRQHandler
                0x00000000080039e8                TIM1_TRG_COM_IRQHandler
                0x00000000080039e8                DMA1_Channel1_IRQHandler
                0x00000000080039e8                Default_Handler
                0x00000000080039e8                EXTI15_10_IRQHandler
                0x00000000080039e8                SPI2_IRQHandler
                0x00000000080039e8                DMA1_Channel5_IRQHandler
                0x00000000080039e8                EXTI4_IRQHandler
                0x00000000080039e8                USB_LP_CAN1_RX0_IRQHandler
                0x00000000080039e8                USB_HP_CAN1_TX_IRQHandler
                0x00000000080039e8                DMA1_Channel3_IRQHandler
                0x00000000080039e8                TIM1_UP_IRQHandler
                0x00000000080039e8                WWDG_IRQHandler
                0x00000000080039e8                TIM1_BRK_IRQHandler
                0x00000000080039e8                EXTI1_IRQHandler
                0x00000000080039e8                I2C2_ER_IRQHandler
                0x00000000080039e8                DMA1_Channel2_IRQHandler
                0x00000000080039e8                CAN1_SCE_IRQHandler
                0x00000000080039e8                FLASH_IRQHandler
                0x00000000080039e8                USART1_IRQHandler
                0x00000000080039e8                I2C1_ER_IRQHandler
                0x00000000080039e8                RTC_Alarm_IRQHandler
 *fill*         0x00000000080039ea        0x2 
 .text.HAL_Init
                0x00000000080039ec       0x2c ./Drivers/STM32F1xx_HAL_Driver/Src/stm32f1xx_hal.o
                0x00000000080039ec                HAL_Init
 .text.HAL_InitTick
                0x0000000008003a18       0x60 ./Drivers/STM32F1xx_HAL_Driver/Src/stm32f1xx_hal.o
                0x0000000008003a18                HAL_InitTick
 .text.HAL_IncTick
                0x0000000008003a78       0x24 ./Drivers/STM32F1xx_HAL_Driver/Src/stm32f1xx_hal.o
                0x0000000008003a78                HAL_IncTick
 .text.HAL_GetTick
                0x0000000008003a9c       0x14 ./Drivers/STM32F1xx_HAL_Driver/Src/stm32f1xx_hal.o
                0x0000000008003a9c                HAL_GetTick
 .text.HAL_ADC_Init
                0x0000000008003ab0      0x1b0 ./Drivers/STM32F1xx_HAL_Driver/Src/stm32f1xx_hal_adc.o
                0x0000000008003ab0                HAL_ADC_Init
 .text.HAL_ADC_Start
                0x0000000008003c60      0x15c ./Drivers/STM32F1xx_HAL_Driver/Src/stm32f1xx_hal_adc.o
                0x0000000008003c60                HAL_ADC_Start
 .text.HAL_ADC_Stop
                0x0000000008003dbc       0x58 ./Drivers/STM32F1xx_HAL_Driver/Src/stm32f1xx_hal_adc.o
                0x0000000008003dbc                HAL_ADC_Stop
 .text.HAL_ADC_PollForConversion
                0x0000000008003e14      0x20c ./Drivers/STM32F1xx_HAL_Driver/Src/stm32f1xx_hal_adc.o
                0x0000000008003e14                HAL_ADC_PollForConversion
 .text.HAL_ADC_GetValue
                0x0000000008004020       0x18 ./Drivers/STM32F1xx_HAL_Driver/Src/stm32f1xx_hal_adc.o
                0x0000000008004020                HAL_ADC_GetValue
 .text.HAL_ADC_ConfigChannel
                0x0000000008004038      0x1f0 ./Drivers/STM32F1xx_HAL_Driver/Src/stm32f1xx_hal_adc.o
                0x0000000008004038                HAL_ADC_ConfigChannel
 .text.ADC_Enable
                0x0000000008004228       0xb4 ./Drivers/STM32F1xx_HAL_Driver/Src/stm32f1xx_hal_adc.o
                0x0000000008004228                ADC_Enable
 .text.ADC_ConversionStop_Disable
                0x00000000080042dc       0x82 ./Drivers/STM32F1xx_HAL_Driver/Src/stm32f1xx_hal_adc.o
                0x00000000080042dc                ADC_ConversionStop_Disable
 *fill*         0x000000000800435e        0x2 
 .text.__NVIC_SetPriorityGrouping
                0x0000000008004360       0x48 ./Drivers/STM32F1xx_HAL_Driver/Src/stm32f1xx_hal_cortex.o
 .text.__NVIC_GetPriorityGrouping
                0x00000000080043a8       0x1c ./Drivers/STM32F1xx_HAL_Driver/Src/stm32f1xx_hal_cortex.o
 .text.__NVIC_EnableIRQ
                0x00000000080043c4       0x38 ./Drivers/STM32F1xx_HAL_Driver/Src/stm32f1xx_hal_cortex.o
 .text.__NVIC_SetPriority
                0x00000000080043fc       0x54 ./Drivers/STM32F1xx_HAL_Driver/Src/stm32f1xx_hal_cortex.o
 .text.NVIC_EncodePriority
                0x0000000008004450       0x64 ./Drivers/STM32F1xx_HAL_Driver/Src/stm32f1xx_hal_cortex.o
 .text.SysTick_Config
                0x00000000080044b4       0x44 ./Drivers/STM32F1xx_HAL_Driver/Src/stm32f1xx_hal_cortex.o
 .text.HAL_NVIC_SetPriorityGrouping
                0x00000000080044f8       0x16 ./Drivers/STM32F1xx_HAL_Driver/Src/stm32f1xx_hal_cortex.o
                0x00000000080044f8                HAL_NVIC_SetPriorityGrouping
 .text.HAL_NVIC_SetPriority
                0x000000000800450e       0x38 ./Drivers/STM32F1xx_HAL_Driver/Src/stm32f1xx_hal_cortex.o
                0x000000000800450e                HAL_NVIC_SetPriority
 .text.HAL_NVIC_EnableIRQ
                0x0000000008004546       0x1c ./Drivers/STM32F1xx_HAL_Driver/Src/stm32f1xx_hal_cortex.o
                0x0000000008004546                HAL_NVIC_EnableIRQ
 .text.HAL_SYSTICK_Config
                0x0000000008004562       0x18 ./Drivers/STM32F1xx_HAL_Driver/Src/stm32f1xx_hal_cortex.o
                0x0000000008004562                HAL_SYSTICK_Config
 .text.HAL_DMA_Abort
                0x000000000800457a       0x74 ./Drivers/STM32F1xx_HAL_Driver/Src/stm32f1xx_hal_dma.o
                0x000000000800457a                HAL_DMA_Abort
 *fill*         0x00000000080045ee        0x2 
 .text.HAL_DMA_Abort_IT
                0x00000000080045f0       0xec ./Drivers/STM32F1xx_HAL_Driver/Src/stm32f1xx_hal_dma.o
                0x00000000080045f0                HAL_DMA_Abort_IT
 .text.HAL_GPIO_Init
                0x00000000080046dc      0x308 ./Drivers/STM32F1xx_HAL_Driver/Src/stm32f1xx_hal_gpio.o
                0x00000000080046dc                HAL_GPIO_Init
 .text.HAL_GPIO_WritePin
                0x00000000080049e4       0x30 ./Drivers/STM32F1xx_HAL_Driver/Src/stm32f1xx_hal_gpio.o
                0x00000000080049e4                HAL_GPIO_WritePin
 .text.HAL_GPIO_TogglePin
                0x0000000008004a14       0x32 ./Drivers/STM32F1xx_HAL_Driver/Src/stm32f1xx_hal_gpio.o
                0x0000000008004a14                HAL_GPIO_TogglePin
 *fill*         0x0000000008004a46        0x2 
 .text.HAL_GPIO_EXTI_IRQHandler
                0x0000000008004a48       0x30 ./Drivers/STM32F1xx_HAL_Driver/Src/stm32f1xx_hal_gpio.o
                0x0000000008004a48                HAL_GPIO_EXTI_IRQHandler
 .text.HAL_I2C_Init
                0x0000000008004a78      0x288 ./Drivers/STM32F1xx_HAL_Driver/Src/stm32f1xx_hal_i2c.o
                0x0000000008004a78                HAL_I2C_Init
 .text.HAL_I2C_Master_Transmit
                0x0000000008004d00      0x1fc ./Drivers/STM32F1xx_HAL_Driver/Src/stm32f1xx_hal_i2c.o
                0x0000000008004d00                HAL_I2C_Master_Transmit
 .text.HAL_I2C_Mem_Write
                0x0000000008004efc      0x1f4 ./Drivers/STM32F1xx_HAL_Driver/Src/stm32f1xx_hal_i2c.o
                0x0000000008004efc                HAL_I2C_Mem_Write
 .text.HAL_I2C_Mem_Read
                0x00000000080050f0      0x4d0 ./Drivers/STM32F1xx_HAL_Driver/Src/stm32f1xx_hal_i2c.o
                0x00000000080050f0                HAL_I2C_Mem_Read
 .text.HAL_I2C_IsDeviceReady
                0x00000000080055c0      0x25c ./Drivers/STM32F1xx_HAL_Driver/Src/stm32f1xx_hal_i2c.o
                0x00000000080055c0                HAL_I2C_IsDeviceReady
 .text.I2C_MasterRequestWrite
                0x000000000800581c      0x104 ./Drivers/STM32F1xx_HAL_Driver/Src/stm32f1xx_hal_i2c.o
 .text.I2C_RequestMemoryWrite
                0x0000000008005920      0x12c ./Drivers/STM32F1xx_HAL_Driver/Src/stm32f1xx_hal_i2c.o
 .text.I2C_RequestMemoryRead
                0x0000000008005a4c      0x1d0 ./Drivers/STM32F1xx_HAL_Driver/Src/stm32f1xx_hal_i2c.o
 .text.I2C_WaitOnFlagUntilTimeout
                0x0000000008005c1c       0xae ./Drivers/STM32F1xx_HAL_Driver/Src/stm32f1xx_hal_i2c.o
 .text.I2C_WaitOnMasterAddressFlagUntilTimeout
                0x0000000008005cca       0xfe ./Drivers/STM32F1xx_HAL_Driver/Src/stm32f1xx_hal_i2c.o
 .text.I2C_WaitOnTXEFlagUntilTimeout
                0x0000000008005dc8       0x82 ./Drivers/STM32F1xx_HAL_Driver/Src/stm32f1xx_hal_i2c.o
 .text.I2C_WaitOnBTFFlagUntilTimeout
                0x0000000008005e4a       0x82 ./Drivers/STM32F1xx_HAL_Driver/Src/stm32f1xx_hal_i2c.o
 .text.I2C_WaitOnRXNEFlagUntilTimeout
                0x0000000008005ecc       0xac ./Drivers/STM32F1xx_HAL_Driver/Src/stm32f1xx_hal_i2c.o
 .text.I2C_IsAcknowledgeFailed
                0x0000000008005f78       0x5c ./Drivers/STM32F1xx_HAL_Driver/Src/stm32f1xx_hal_i2c.o
 .text.HAL_RCC_OscConfig
                0x0000000008005fd4      0x500 ./Drivers/STM32F1xx_HAL_Driver/Src/stm32f1xx_hal_rcc.o
                0x0000000008005fd4                HAL_RCC_OscConfig
 .text.HAL_RCC_ClockConfig
                0x00000000080064d4      0x1d4 ./Drivers/STM32F1xx_HAL_Driver/Src/stm32f1xx_hal_rcc.o
                0x00000000080064d4                HAL_RCC_ClockConfig
 .text.HAL_RCC_GetSysClockFreq
                0x00000000080066a8       0xc0 ./Drivers/STM32F1xx_HAL_Driver/Src/stm32f1xx_hal_rcc.o
                0x00000000080066a8                HAL_RCC_GetSysClockFreq
 .text.HAL_RCC_GetHCLKFreq
                0x0000000008006768       0x14 ./Drivers/STM32F1xx_HAL_Driver/Src/stm32f1xx_hal_rcc.o
                0x0000000008006768                HAL_RCC_GetHCLKFreq
 .text.HAL_RCC_GetPCLK1Freq
                0x000000000800677c       0x28 ./Drivers/STM32F1xx_HAL_Driver/Src/stm32f1xx_hal_rcc.o
                0x000000000800677c                HAL_RCC_GetPCLK1Freq
 .text.HAL_RCC_GetPCLK2Freq
                0x00000000080067a4       0x28 ./Drivers/STM32F1xx_HAL_Driver/Src/stm32f1xx_hal_rcc.o
                0x00000000080067a4                HAL_RCC_GetPCLK2Freq
 .text.RCC_Delay
                0x00000000080067cc       0x3c ./Drivers/STM32F1xx_HAL_Driver/Src/stm32f1xx_hal_rcc.o
 .text.HAL_RCCEx_PeriphCLKConfig
                0x0000000008006808      0x16c ./Drivers/STM32F1xx_HAL_Driver/Src/stm32f1xx_hal_rcc_ex.o
                0x0000000008006808                HAL_RCCEx_PeriphCLKConfig
 .text.HAL_RCCEx_GetPeriphCLKFreq
                0x0000000008006974      0x188 ./Drivers/STM32F1xx_HAL_Driver/Src/stm32f1xx_hal_rcc_ex.o
                0x0000000008006974                HAL_RCCEx_GetPeriphCLKFreq
 .text.HAL_TIM_Base_Init
                0x0000000008006afc       0x9e ./Drivers/STM32F1xx_HAL_Driver/Src/stm32f1xx_hal_tim.o
                0x0000000008006afc                HAL_TIM_Base_Init
 *fill*         0x0000000008006b9a        0x2 
 .text.HAL_TIM_Base_Start_IT
                0x0000000008006b9c       0xa4 ./Drivers/STM32F1xx_HAL_Driver/Src/stm32f1xx_hal_tim.o
                0x0000000008006b9c                HAL_TIM_Base_Start_IT
 .text.HAL_TIM_IRQHandler
                0x0000000008006c40      0x210 ./Drivers/STM32F1xx_HAL_Driver/Src/stm32f1xx_hal_tim.o
                0x0000000008006c40                HAL_TIM_IRQHandler
 .text.HAL_TIM_ConfigClockSource
                0x0000000008006e50      0x188 ./Drivers/STM32F1xx_HAL_Driver/Src/stm32f1xx_hal_tim.o
                0x0000000008006e50                HAL_TIM_ConfigClockSource
 .text.HAL_TIM_OC_DelayElapsedCallback
                0x0000000008006fd8       0x12 ./Drivers/STM32F1xx_HAL_Driver/Src/stm32f1xx_hal_tim.o
                0x0000000008006fd8                HAL_TIM_OC_DelayElapsedCallback
 .text.HAL_TIM_IC_CaptureCallback
                0x0000000008006fea       0x12 ./Drivers/STM32F1xx_HAL_Driver/Src/stm32f1xx_hal_tim.o
                0x0000000008006fea                HAL_TIM_IC_CaptureCallback
 .text.HAL_TIM_PWM_PulseFinishedCallback
                0x0000000008006ffc       0x12 ./Drivers/STM32F1xx_HAL_Driver/Src/stm32f1xx_hal_tim.o
                0x0000000008006ffc                HAL_TIM_PWM_PulseFinishedCallback
 .text.HAL_TIM_TriggerCallback
                0x000000000800700e       0x12 ./Drivers/STM32F1xx_HAL_Driver/Src/stm32f1xx_hal_tim.o
                0x000000000800700e                HAL_TIM_TriggerCallback
 .text.TIM_Base_SetConfig
                0x0000000008007020       0xc4 ./Drivers/STM32F1xx_HAL_Driver/Src/stm32f1xx_hal_tim.o
                0x0000000008007020                TIM_Base_SetConfig
 .text.TIM_TI1_ConfigInputStage
                0x00000000080070e4       0x5c ./Drivers/STM32F1xx_HAL_Driver/Src/stm32f1xx_hal_tim.o
 .text.TIM_TI2_ConfigInputStage
                0x0000000008007140       0x5e ./Drivers/STM32F1xx_HAL_Driver/Src/stm32f1xx_hal_tim.o
 .text.TIM_ITRx_SetConfig
                0x000000000800719e       0x34 ./Drivers/STM32F1xx_HAL_Driver/Src/stm32f1xx_hal_tim.o
 .text.TIM_ETR_SetConfig
                0x00000000080071d2       0x3e ./Drivers/STM32F1xx_HAL_Driver/Src/stm32f1xx_hal_tim.o
                0x00000000080071d2                TIM_ETR_SetConfig
 .text.HAL_TIMEx_MasterConfigSynchronization
                0x0000000008007210       0xbc ./Drivers/STM32F1xx_HAL_Driver/Src/stm32f1xx_hal_tim_ex.o
                0x0000000008007210                HAL_TIMEx_MasterConfigSynchronization
 .text.HAL_TIMEx_CommutCallback
                0x00000000080072cc       0x12 ./Drivers/STM32F1xx_HAL_Driver/Src/stm32f1xx_hal_tim_ex.o
                0x00000000080072cc                HAL_TIMEx_CommutCallback
 .text.HAL_TIMEx_BreakCallback
                0x00000000080072de       0x12 ./Drivers/STM32F1xx_HAL_Driver/Src/stm32f1xx_hal_tim_ex.o
                0x00000000080072de                HAL_TIMEx_BreakCallback
 .text.HAL_UART_Init
                0x00000000080072f0       0x9a ./Drivers/STM32F1xx_HAL_Driver/Src/stm32f1xx_hal_uart.o
                0x00000000080072f0                HAL_UART_Init
 .text.HAL_UART_Transmit
                0x000000000800738a      0x124 ./Drivers/STM32F1xx_HAL_Driver/Src/stm32f1xx_hal_uart.o
                0x000000000800738a                HAL_UART_Transmit
 .text.HAL_UART_Receive
                0x00000000080074ae      0x144 ./Drivers/STM32F1xx_HAL_Driver/Src/stm32f1xx_hal_uart.o
                0x00000000080074ae                HAL_UART_Receive
 *fill*         0x00000000080075f2        0x2 
 .text.HAL_UART_IRQHandler
                0x00000000080075f4      0x354 ./Drivers/STM32F1xx_HAL_Driver/Src/stm32f1xx_hal_uart.o
                0x00000000080075f4                HAL_UART_IRQHandler
 .text.HAL_UART_TxCpltCallback
                0x0000000008007948       0x12 ./Drivers/STM32F1xx_HAL_Driver/Src/stm32f1xx_hal_uart.o
                0x0000000008007948                HAL_UART_TxCpltCallback
 .text.HAL_UART_RxCpltCallback
                0x000000000800795a       0x12 ./Drivers/STM32F1xx_HAL_Driver/Src/stm32f1xx_hal_uart.o
                0x000000000800795a                HAL_UART_RxCpltCallback
 .text.HAL_UART_ErrorCallback
                0x000000000800796c       0x12 ./Drivers/STM32F1xx_HAL_Driver/Src/stm32f1xx_hal_uart.o
                0x000000000800796c                HAL_UART_ErrorCallback
 .text.HAL_UARTEx_RxEventCallback
                0x000000000800797e       0x16 ./Drivers/STM32F1xx_HAL_Driver/Src/stm32f1xx_hal_uart.o
                0x000000000800797e                HAL_UARTEx_RxEventCallback
 .text.UART_WaitOnFlagUntilTimeout
                0x0000000008007994       0x94 ./Drivers/STM32F1xx_HAL_Driver/Src/stm32f1xx_hal_uart.o
 .text.UART_EndRxTransfer
                0x0000000008007a28       0x58 ./Drivers/STM32F1xx_HAL_Driver/Src/stm32f1xx_hal_uart.o
 .text.UART_DMAAbortOnError
                0x0000000008007a80       0x28 ./Drivers/STM32F1xx_HAL_Driver/Src/stm32f1xx_hal_uart.o
 .text.UART_Transmit_IT
                0x0000000008007aa8       0x9e ./Drivers/STM32F1xx_HAL_Driver/Src/stm32f1xx_hal_uart.o
 .text.UART_EndTransmit_IT
                0x0000000008007b46       0x30 ./Drivers/STM32F1xx_HAL_Driver/Src/stm32f1xx_hal_uart.o
 .text.UART_Receive_IT
                0x0000000008007b76      0x152 ./Drivers/STM32F1xx_HAL_Driver/Src/stm32f1xx_hal_uart.o
 .text.UART_SetConfig
                0x0000000008007cc8      0x11c ./Drivers/STM32F1xx_HAL_Driver/Src/stm32f1xx_hal_uart.o
 .text.__errno  0x0000000008007de4        0xc /Applications/STM32CubeIDE.app/Contents/Eclipse/plugins/com.st.stm32cube.ide.mcu.externaltools.gnu-tools-for-stm32.9-2020-q2-update.macos64_2.0.0.202105311346/tools/bin/../lib/gcc/arm-none-eabi/9.3.1/../../../../arm-none-eabi/lib/thumb/v7-m/nofp/libc_nano.a(lib_a-errno.o)
                0x0000000008007de4                __errno
 .text.__libc_init_array
                0x0000000008007df0       0x48 /Applications/STM32CubeIDE.app/Contents/Eclipse/plugins/com.st.stm32cube.ide.mcu.externaltools.gnu-tools-for-stm32.9-2020-q2-update.macos64_2.0.0.202105311346/tools/bin/../lib/gcc/arm-none-eabi/9.3.1/../../../../arm-none-eabi/lib/thumb/v7-m/nofp/libc_nano.a(lib_a-init.o)
                0x0000000008007df0                __libc_init_array
 .text.memset   0x0000000008007e38       0x10 /Applications/STM32CubeIDE.app/Contents/Eclipse/plugins/com.st.stm32cube.ide.mcu.externaltools.gnu-tools-for-stm32.9-2020-q2-update.macos64_2.0.0.202105311346/tools/bin/../lib/gcc/arm-none-eabi/9.3.1/../../../../arm-none-eabi/lib/thumb/v7-m/nofp/libc_nano.a(lib_a-memset.o)
                0x0000000008007e38                memset
 .text.__cvt    0x0000000008007e48       0xbe /Applications/STM32CubeIDE.app/Contents/Eclipse/plugins/com.st.stm32cube.ide.mcu.externaltools.gnu-tools-for-stm32.9-2020-q2-update.macos64_2.0.0.202105311346/tools/bin/../lib/gcc/arm-none-eabi/9.3.1/../../../../arm-none-eabi/lib/thumb/v7-m/nofp/libc_nano.a(lib_a-nano-vfprintf_float.o)
                0x0000000008007e48                __cvt
 .text.__exponent
                0x0000000008007f06       0x7c /Applications/STM32CubeIDE.app/Contents/Eclipse/plugins/com.st.stm32cube.ide.mcu.externaltools.gnu-tools-for-stm32.9-2020-q2-update.macos64_2.0.0.202105311346/tools/bin/../lib/gcc/arm-none-eabi/9.3.1/../../../../arm-none-eabi/lib/thumb/v7-m/nofp/libc_nano.a(lib_a-nano-vfprintf_float.o)
                0x0000000008007f06                __exponent
 *fill*         0x0000000008007f82        0x2 
 .text._printf_float
                0x0000000008007f84      0x458 /Applications/STM32CubeIDE.app/Contents/Eclipse/plugins/com.st.stm32cube.ide.mcu.externaltools.gnu-tools-for-stm32.9-2020-q2-update.macos64_2.0.0.202105311346/tools/bin/../lib/gcc/arm-none-eabi/9.3.1/../../../../arm-none-eabi/lib/thumb/v7-m/nofp/libc_nano.a(lib_a-nano-vfprintf_float.o)
                0x0000000008007f84                _printf_float
 .text._printf_common
                0x00000000080083dc       0xde /Applications/STM32CubeIDE.app/Contents/Eclipse/plugins/com.st.stm32cube.ide.mcu.externaltools.gnu-tools-for-stm32.9-2020-q2-update.macos64_2.0.0.202105311346/tools/bin/../lib/gcc/arm-none-eabi/9.3.1/../../../../arm-none-eabi/lib/thumb/v7-m/nofp/libc_nano.a(lib_a-nano-vfprintf_i.o)
                0x00000000080083dc                _printf_common
 *fill*         0x00000000080084ba        0x2 
 .text._printf_i
                0x00000000080084bc      0x24c /Applications/STM32CubeIDE.app/Contents/Eclipse/plugins/com.st.stm32cube.ide.mcu.externaltools.gnu-tools-for-stm32.9-2020-q2-update.macos64_2.0.0.202105311346/tools/bin/../lib/gcc/arm-none-eabi/9.3.1/../../../../arm-none-eabi/lib/thumb/v7-m/nofp/libc_nano.a(lib_a-nano-vfprintf_i.o)
                0x00000000080084bc                _printf_i
 .text.sprintf  0x0000000008008708       0x40 /Applications/STM32CubeIDE.app/Contents/Eclipse/plugins/com.st.stm32cube.ide.mcu.externaltools.gnu-tools-for-stm32.9-2020-q2-update.macos64_2.0.0.202105311346/tools/bin/../lib/gcc/arm-none-eabi/9.3.1/../../../../arm-none-eabi/lib/thumb/v7-m/nofp/libc_nano.a(lib_a-sprintf.o)
                0x0000000008008708                sprintf
                0x0000000008008708                siprintf
 .text.quorem   0x0000000008008748      0x11a /Applications/STM32CubeIDE.app/Contents/Eclipse/plugins/com.st.stm32cube.ide.mcu.externaltools.gnu-tools-for-stm32.9-2020-q2-update.macos64_2.0.0.202105311346/tools/bin/../lib/gcc/arm-none-eabi/9.3.1/../../../../arm-none-eabi/lib/thumb/v7-m/nofp/libc_nano.a(lib_a-dtoa.o)
 *fill*         0x0000000008008862        0x6 
 .text._dtoa_r  0x0000000008008868      0xbdc /Applications/STM32CubeIDE.app/Contents/Eclipse/plugins/com.st.stm32cube.ide.mcu.externaltools.gnu-tools-for-stm32.9-2020-q2-update.macos64_2.0.0.202105311346/tools/bin/../lib/gcc/arm-none-eabi/9.3.1/../../../../arm-none-eabi/lib/thumb/v7-m/nofp/libc_nano.a(lib_a-dtoa.o)
                0x0000000008008868                _dtoa_r
 .text._localeconv_r
                0x0000000008009444        0x8 /Applications/STM32CubeIDE.app/Contents/Eclipse/plugins/com.st.stm32cube.ide.mcu.externaltools.gnu-tools-for-stm32.9-2020-q2-update.macos64_2.0.0.202105311346/tools/bin/../lib/gcc/arm-none-eabi/9.3.1/../../../../arm-none-eabi/lib/thumb/v7-m/nofp/libc_nano.a(lib_a-localeconv.o)
                0x0000000008009444                _localeconv_r
 .text.malloc   0x000000000800944c       0x10 /Applications/STM32CubeIDE.app/Contents/Eclipse/plugins/com.st.stm32cube.ide.mcu.externaltools.gnu-tools-for-stm32.9-2020-q2-update.macos64_2.0.0.202105311346/tools/bin/../lib/gcc/arm-none-eabi/9.3.1/../../../../arm-none-eabi/lib/thumb/v7-m/nofp/libc_nano.a(lib_a-malloc.o)
                0x000000000800944c                malloc
 .text.memchr   0x000000000800945c       0x1c /Applications/STM32CubeIDE.app/Contents/Eclipse/plugins/com.st.stm32cube.ide.mcu.externaltools.gnu-tools-for-stm32.9-2020-q2-update.macos64_2.0.0.202105311346/tools/bin/../lib/gcc/arm-none-eabi/9.3.1/../../../../arm-none-eabi/lib/thumb/v7-m/nofp/libc_nano.a(lib_a-memchr-stub.o)
                0x000000000800945c                memchr
 .text.memcpy   0x0000000008009478       0x1c /Applications/STM32CubeIDE.app/Contents/Eclipse/plugins/com.st.stm32cube.ide.mcu.externaltools.gnu-tools-for-stm32.9-2020-q2-update.macos64_2.0.0.202105311346/tools/bin/../lib/gcc/arm-none-eabi/9.3.1/../../../../arm-none-eabi/lib/thumb/v7-m/nofp/libc_nano.a(lib_a-memcpy-stub.o)
                0x0000000008009478                memcpy
 .text._Balloc  0x0000000008009494       0x80 /Applications/STM32CubeIDE.app/Contents/Eclipse/plugins/com.st.stm32cube.ide.mcu.externaltools.gnu-tools-for-stm32.9-2020-q2-update.macos64_2.0.0.202105311346/tools/bin/../lib/gcc/arm-none-eabi/9.3.1/../../../../arm-none-eabi/lib/thumb/v7-m/nofp/libc_nano.a(lib_a-mprec.o)
                0x0000000008009494                _Balloc
 .text._Bfree   0x0000000008009514       0x44 /Applications/STM32CubeIDE.app/Contents/Eclipse/plugins/com.st.stm32cube.ide.mcu.externaltools.gnu-tools-for-stm32.9-2020-q2-update.macos64_2.0.0.202105311346/tools/bin/../lib/gcc/arm-none-eabi/9.3.1/../../../../arm-none-eabi/lib/thumb/v7-m/nofp/libc_nano.a(lib_a-mprec.o)
                0x0000000008009514                _Bfree
 .text.__multadd
                0x0000000008009558       0x94 /Applications/STM32CubeIDE.app/Contents/Eclipse/plugins/com.st.stm32cube.ide.mcu.externaltools.gnu-tools-for-stm32.9-2020-q2-update.macos64_2.0.0.202105311346/tools/bin/../lib/gcc/arm-none-eabi/9.3.1/../../../../arm-none-eabi/lib/thumb/v7-m/nofp/libc_nano.a(lib_a-mprec.o)
                0x0000000008009558                __multadd
 .text.__hi0bits
                0x00000000080095ec       0x40 /Applications/STM32CubeIDE.app/Contents/Eclipse/plugins/com.st.stm32cube.ide.mcu.externaltools.gnu-tools-for-stm32.9-2020-q2-update.macos64_2.0.0.202105311346/tools/bin/../lib/gcc/arm-none-eabi/9.3.1/../../../../arm-none-eabi/lib/thumb/v7-m/nofp/libc_nano.a(lib_a-mprec.o)
                0x00000000080095ec                __hi0bits
 .text.__lo0bits
                0x000000000800962c       0x5c /Applications/STM32CubeIDE.app/Contents/Eclipse/plugins/com.st.stm32cube.ide.mcu.externaltools.gnu-tools-for-stm32.9-2020-q2-update.macos64_2.0.0.202105311346/tools/bin/../lib/gcc/arm-none-eabi/9.3.1/../../../../arm-none-eabi/lib/thumb/v7-m/nofp/libc_nano.a(lib_a-mprec.o)
                0x000000000800962c                __lo0bits
 .text.__i2b    0x0000000008009688       0x2c /Applications/STM32CubeIDE.app/Contents/Eclipse/plugins/com.st.stm32cube.ide.mcu.externaltools.gnu-tools-for-stm32.9-2020-q2-update.macos64_2.0.0.202105311346/tools/bin/../lib/gcc/arm-none-eabi/9.3.1/../../../../arm-none-eabi/lib/thumb/v7-m/nofp/libc_nano.a(lib_a-mprec.o)
                0x0000000008009688                __i2b
 .text.__multiply
                0x00000000080096b4      0x148 /Applications/STM32CubeIDE.app/Contents/Eclipse/plugins/com.st.stm32cube.ide.mcu.externaltools.gnu-tools-for-stm32.9-2020-q2-update.macos64_2.0.0.202105311346/tools/bin/../lib/gcc/arm-none-eabi/9.3.1/../../../../arm-none-eabi/lib/thumb/v7-m/nofp/libc_nano.a(lib_a-mprec.o)
                0x00000000080096b4                __multiply
 .text.__pow5mult
                0x00000000080097fc       0xb4 /Applications/STM32CubeIDE.app/Contents/Eclipse/plugins/com.st.stm32cube.ide.mcu.externaltools.gnu-tools-for-stm32.9-2020-q2-update.macos64_2.0.0.202105311346/tools/bin/../lib/gcc/arm-none-eabi/9.3.1/../../../../arm-none-eabi/lib/thumb/v7-m/nofp/libc_nano.a(lib_a-mprec.o)
                0x00000000080097fc                __pow5mult
 .text.__lshift
                0x00000000080098b0       0xd8 /Applications/STM32CubeIDE.app/Contents/Eclipse/plugins/com.st.stm32cube.ide.mcu.externaltools.gnu-tools-for-stm32.9-2020-q2-update.macos64_2.0.0.202105311346/tools/bin/../lib/gcc/arm-none-eabi/9.3.1/../../../../arm-none-eabi/lib/thumb/v7-m/nofp/libc_nano.a(lib_a-mprec.o)
                0x00000000080098b0                __lshift
 .text.__mcmp   0x0000000008009988       0x36 /Applications/STM32CubeIDE.app/Contents/Eclipse/plugins/com.st.stm32cube.ide.mcu.externaltools.gnu-tools-for-stm32.9-2020-q2-update.macos64_2.0.0.202105311346/tools/bin/../lib/gcc/arm-none-eabi/9.3.1/../../../../arm-none-eabi/lib/thumb/v7-m/nofp/libc_nano.a(lib_a-mprec.o)
                0x0000000008009988                __mcmp
 *fill*         0x00000000080099be        0x2 
 .text.__mdiff  0x00000000080099c0      0x120 /Applications/STM32CubeIDE.app/Contents/Eclipse/plugins/com.st.stm32cube.ide.mcu.externaltools.gnu-tools-for-stm32.9-2020-q2-update.macos64_2.0.0.202105311346/tools/bin/../lib/gcc/arm-none-eabi/9.3.1/../../../../arm-none-eabi/lib/thumb/v7-m/nofp/libc_nano.a(lib_a-mprec.o)
                0x00000000080099c0                __mdiff
 .text.__d2b    0x0000000008009ae0       0xb8 /Applications/STM32CubeIDE.app/Contents/Eclipse/plugins/com.st.stm32cube.ide.mcu.externaltools.gnu-tools-for-stm32.9-2020-q2-update.macos64_2.0.0.202105311346/tools/bin/../lib/gcc/arm-none-eabi/9.3.1/../../../../arm-none-eabi/lib/thumb/v7-m/nofp/libc_nano.a(lib_a-mprec.o)
                0x0000000008009ae0                __d2b
 .text._calloc_r
                0x0000000008009b98       0x1c /Applications/STM32CubeIDE.app/Contents/Eclipse/plugins/com.st.stm32cube.ide.mcu.externaltools.gnu-tools-for-stm32.9-2020-q2-update.macos64_2.0.0.202105311346/tools/bin/../lib/gcc/arm-none-eabi/9.3.1/../../../../arm-none-eabi/lib/thumb/v7-m/nofp/libc_nano.a(lib_a-nano-callocr.o)
                0x0000000008009b98                _calloc_r
 .text._free_r  0x0000000008009bb4       0x98 /Applications/STM32CubeIDE.app/Contents/Eclipse/plugins/com.st.stm32cube.ide.mcu.externaltools.gnu-tools-for-stm32.9-2020-q2-update.macos64_2.0.0.202105311346/tools/bin/../lib/gcc/arm-none-eabi/9.3.1/../../../../arm-none-eabi/lib/thumb/v7-m/nofp/libc_nano.a(lib_a-nano-freer.o)
                0x0000000008009bb4                _free_r
 .text._malloc_r
                0x0000000008009c4c       0xb4 /Applications/STM32CubeIDE.app/Contents/Eclipse/plugins/com.st.stm32cube.ide.mcu.externaltools.gnu-tools-for-stm32.9-2020-q2-update.macos64_2.0.0.202105311346/tools/bin/../lib/gcc/arm-none-eabi/9.3.1/../../../../arm-none-eabi/lib/thumb/v7-m/nofp/libc_nano.a(lib_a-nano-mallocr.o)
                0x0000000008009c4c                _malloc_r
 .text.__ssputs_r
                0x0000000008009d00       0xb6 /Applications/STM32CubeIDE.app/Contents/Eclipse/plugins/com.st.stm32cube.ide.mcu.externaltools.gnu-tools-for-stm32.9-2020-q2-update.macos64_2.0.0.202105311346/tools/bin/../lib/gcc/arm-none-eabi/9.3.1/../../../../arm-none-eabi/lib/thumb/v7-m/nofp/libc_nano.a(lib_a-nano-svfprintf.o)
                0x0000000008009d00                __ssputs_r
 *fill*         0x0000000008009db6        0x2 
 .text._svfprintf_r
                0x0000000008009db8      0x200 /Applications/STM32CubeIDE.app/Contents/Eclipse/plugins/com.st.stm32cube.ide.mcu.externaltools.gnu-tools-for-stm32.9-2020-q2-update.macos64_2.0.0.202105311346/tools/bin/../lib/gcc/arm-none-eabi/9.3.1/../../../../arm-none-eabi/lib/thumb/v7-m/nofp/libc_nano.a(lib_a-nano-svfprintf.o)
                0x0000000008009db8                _svfprintf_r
                0x0000000008009db8                _svfiprintf_r
 .text._sbrk_r  0x0000000008009fb8       0x20 /Applications/STM32CubeIDE.app/Contents/Eclipse/plugins/com.st.stm32cube.ide.mcu.externaltools.gnu-tools-for-stm32.9-2020-q2-update.macos64_2.0.0.202105311346/tools/bin/../lib/gcc/arm-none-eabi/9.3.1/../../../../arm-none-eabi/lib/thumb/v7-m/nofp/libc_nano.a(lib_a-sbrkr.o)
                0x0000000008009fb8                _sbrk_r
 .text.__assert_func
                0x0000000008009fd8       0x3c /Applications/STM32CubeIDE.app/Contents/Eclipse/plugins/com.st.stm32cube.ide.mcu.externaltools.gnu-tools-for-stm32.9-2020-q2-update.macos64_2.0.0.202105311346/tools/bin/../lib/gcc/arm-none-eabi/9.3.1/../../../../arm-none-eabi/lib/thumb/v7-m/nofp/libc_nano.a(lib_a-assert.o)
                0x0000000008009fd8                __assert_func
 .text.fprintf  0x000000000800a014       0x24 /Applications/STM32CubeIDE.app/Contents/Eclipse/plugins/com.st.stm32cube.ide.mcu.externaltools.gnu-tools-for-stm32.9-2020-q2-update.macos64_2.0.0.202105311346/tools/bin/../lib/gcc/arm-none-eabi/9.3.1/../../../../arm-none-eabi/lib/thumb/v7-m/nofp/libc_nano.a(lib_a-fprintf.o)
                0x000000000800a014                fprintf
                0x000000000800a014                fiprintf
 .text.__ascii_mbtowc
                0x000000000800a038       0x24 /Applications/STM32CubeIDE.app/Contents/Eclipse/plugins/com.st.stm32cube.ide.mcu.externaltools.gnu-tools-for-stm32.9-2020-q2-update.macos64_2.0.0.202105311346/tools/bin/../lib/gcc/arm-none-eabi/9.3.1/../../../../arm-none-eabi/lib/thumb/v7-m/nofp/libc_nano.a(lib_a-mbtowc_r.o)
                0x000000000800a038                __ascii_mbtowc
 .text.memmove  0x000000000800a05c       0x34 /Applications/STM32CubeIDE.app/Contents/Eclipse/plugins/com.st.stm32cube.ide.mcu.externaltools.gnu-tools-for-stm32.9-2020-q2-update.macos64_2.0.0.202105311346/tools/bin/../lib/gcc/arm-none-eabi/9.3.1/../../../../arm-none-eabi/lib/thumb/v7-m/nofp/libc_nano.a(lib_a-memmove.o)
                0x000000000800a05c                memmove
 .text.__malloc_lock
                0x000000000800a090        0xc /Applications/STM32CubeIDE.app/Contents/Eclipse/plugins/com.st.stm32cube.ide.mcu.externaltools.gnu-tools-for-stm32.9-2020-q2-update.macos64_2.0.0.202105311346/tools/bin/../lib/gcc/arm-none-eabi/9.3.1/../../../../arm-none-eabi/lib/thumb/v7-m/nofp/libc_nano.a(lib_a-mlock.o)
                0x000000000800a090                __malloc_lock
 .text.__malloc_unlock
                0x000000000800a09c        0xc /Applications/STM32CubeIDE.app/Contents/Eclipse/plugins/com.st.stm32cube.ide.mcu.externaltools.gnu-tools-for-stm32.9-2020-q2-update.macos64_2.0.0.202105311346/tools/bin/../lib/gcc/arm-none-eabi/9.3.1/../../../../arm-none-eabi/lib/thumb/v7-m/nofp/libc_nano.a(lib_a-mlock.o)
                0x000000000800a09c                __malloc_unlock
 .text._realloc_r
                0x000000000800a0a8       0x4c /Applications/STM32CubeIDE.app/Contents/Eclipse/plugins/com.st.stm32cube.ide.mcu.externaltools.gnu-tools-for-stm32.9-2020-q2-update.macos64_2.0.0.202105311346/tools/bin/../lib/gcc/arm-none-eabi/9.3.1/../../../../arm-none-eabi/lib/thumb/v7-m/nofp/libc_nano.a(lib_a-nano-reallocr.o)
                0x000000000800a0a8                _realloc_r
 .text.__sfputc_r
                0x000000000800a0f4       0x2a /Applications/STM32CubeIDE.app/Contents/Eclipse/plugins/com.st.stm32cube.ide.mcu.externaltools.gnu-tools-for-stm32.9-2020-q2-update.macos64_2.0.0.202105311346/tools/bin/../lib/gcc/arm-none-eabi/9.3.1/../../../../arm-none-eabi/lib/thumb/v7-m/nofp/libc_nano.a(lib_a-nano-vfprintf.o)
 .text.__sfputs_r
                0x000000000800a11e       0x24 /Applications/STM32CubeIDE.app/Contents/Eclipse/plugins/com.st.stm32cube.ide.mcu.externaltools.gnu-tools-for-stm32.9-2020-q2-update.macos64_2.0.0.202105311346/tools/bin/../lib/gcc/arm-none-eabi/9.3.1/../../../../arm-none-eabi/lib/thumb/v7-m/nofp/libc_nano.a(lib_a-nano-vfprintf.o)
                0x000000000800a11e                __sfputs_r
 *fill*         0x000000000800a142        0x2 
 .text._vfprintf_r
                0x000000000800a144      0x260 /Applications/STM32CubeIDE.app/Contents/Eclipse/plugins/com.st.stm32cube.ide.mcu.externaltools.gnu-tools-for-stm32.9-2020-q2-update.macos64_2.0.0.202105311346/tools/bin/../lib/gcc/arm-none-eabi/9.3.1/../../../../arm-none-eabi/lib/thumb/v7-m/nofp/libc_nano.a(lib_a-nano-vfprintf.o)
                0x000000000800a144                _vfiprintf_r
                0x000000000800a144                _vfprintf_r
 .text.__swbuf_r
                0x000000000800a3a4       0xa4 /Applications/STM32CubeIDE.app/Contents/Eclipse/plugins/com.st.stm32cube.ide.mcu.externaltools.gnu-tools-for-stm32.9-2020-q2-update.macos64_2.0.0.202105311346/tools/bin/../lib/gcc/arm-none-eabi/9.3.1/../../../../arm-none-eabi/lib/thumb/v7-m/nofp/libc_nano.a(lib_a-wbuf.o)
                0x000000000800a3a4                __swbuf_r
 .text.__ascii_wctomb
                0x000000000800a448       0x1a /Applications/STM32CubeIDE.app/Contents/Eclipse/plugins/com.st.stm32cube.ide.mcu.externaltools.gnu-tools-for-stm32.9-2020-q2-update.macos64_2.0.0.202105311346/tools/bin/../lib/gcc/arm-none-eabi/9.3.1/../../../../arm-none-eabi/lib/thumb/v7-m/nofp/libc_nano.a(lib_a-wctomb_r.o)
                0x000000000800a448                __ascii_wctomb
 *fill*         0x000000000800a462        0x2 
 .text.__swsetup_r
                0x000000000800a464       0xdc /Applications/STM32CubeIDE.app/Contents/Eclipse/plugins/com.st.stm32cube.ide.mcu.externaltools.gnu-tools-for-stm32.9-2020-q2-update.macos64_2.0.0.202105311346/tools/bin/../lib/gcc/arm-none-eabi/9.3.1/../../../../arm-none-eabi/lib/thumb/v7-m/nofp/libc_nano.a(lib_a-wsetup.o)
                0x000000000800a464                __swsetup_r
 .text.abort    0x000000000800a540        0xe /Applications/STM32CubeIDE.app/Contents/Eclipse/plugins/com.st.stm32cube.ide.mcu.externaltools.gnu-tools-for-stm32.9-2020-q2-update.macos64_2.0.0.202105311346/tools/bin/../lib/gcc/arm-none-eabi/9.3.1/../../../../arm-none-eabi/lib/thumb/v7-m/nofp/libc_nano.a(lib_a-abort.o)
                0x000000000800a540                abort
 *fill*         0x000000000800a54e        0x2 
 .text.__sflush_r
                0x000000000800a550      0x10c /Applications/STM32CubeIDE.app/Contents/Eclipse/plugins/com.st.stm32cube.ide.mcu.externaltools.gnu-tools-for-stm32.9-2020-q2-update.macos64_2.0.0.202105311346/tools/bin/../lib/gcc/arm-none-eabi/9.3.1/../../../../arm-none-eabi/lib/thumb/v7-m/nofp/libc_nano.a(lib_a-fflush.o)
                0x000000000800a550                __sflush_r
 .text._fflush_r
                0x000000000800a65c       0x78 /Applications/STM32CubeIDE.app/Contents/Eclipse/plugins/com.st.stm32cube.ide.mcu.externaltools.gnu-tools-for-stm32.9-2020-q2-update.macos64_2.0.0.202105311346/tools/bin/../lib/gcc/arm-none-eabi/9.3.1/../../../../arm-none-eabi/lib/thumb/v7-m/nofp/libc_nano.a(lib_a-fflush.o)
                0x000000000800a65c                _fflush_r
 .text.std      0x000000000800a6d4       0x48 /Applications/STM32CubeIDE.app/Contents/Eclipse/plugins/com.st.stm32cube.ide.mcu.externaltools.gnu-tools-for-stm32.9-2020-q2-update.macos64_2.0.0.202105311346/tools/bin/../lib/gcc/arm-none-eabi/9.3.1/../../../../arm-none-eabi/lib/thumb/v7-m/nofp/libc_nano.a(lib_a-findfp.o)
 .text._cleanup_r
                0x000000000800a71c        0xc /Applications/STM32CubeIDE.app/Contents/Eclipse/plugins/com.st.stm32cube.ide.mcu.externaltools.gnu-tools-for-stm32.9-2020-q2-update.macos64_2.0.0.202105311346/tools/bin/../lib/gcc/arm-none-eabi/9.3.1/../../../../arm-none-eabi/lib/thumb/v7-m/nofp/libc_nano.a(lib_a-findfp.o)
                0x000000000800a71c                _cleanup_r
 .text.__sfmoreglue
                0x000000000800a728       0x2c /Applications/STM32CubeIDE.app/Contents/Eclipse/plugins/com.st.stm32cube.ide.mcu.externaltools.gnu-tools-for-stm32.9-2020-q2-update.macos64_2.0.0.202105311346/tools/bin/../lib/gcc/arm-none-eabi/9.3.1/../../../../arm-none-eabi/lib/thumb/v7-m/nofp/libc_nano.a(lib_a-findfp.o)
                0x000000000800a728                __sfmoreglue
 .text.__sfp_lock_acquire
                0x000000000800a754        0xc /Applications/STM32CubeIDE.app/Contents/Eclipse/plugins/com.st.stm32cube.ide.mcu.externaltools.gnu-tools-for-stm32.9-2020-q2-update.macos64_2.0.0.202105311346/tools/bin/../lib/gcc/arm-none-eabi/9.3.1/../../../../arm-none-eabi/lib/thumb/v7-m/nofp/libc_nano.a(lib_a-findfp.o)
                0x000000000800a754                __sfp_lock_acquire
 .text.__sfp_lock_release
                0x000000000800a760        0xc /Applications/STM32CubeIDE.app/Contents/Eclipse/plugins/com.st.stm32cube.ide.mcu.externaltools.gnu-tools-for-stm32.9-2020-q2-update.macos64_2.0.0.202105311346/tools/bin/../lib/gcc/arm-none-eabi/9.3.1/../../../../arm-none-eabi/lib/thumb/v7-m/nofp/libc_nano.a(lib_a-findfp.o)
                0x000000000800a760                __sfp_lock_release
 .text.__sinit_lock_acquire
                0x000000000800a76c        0xc /Applications/STM32CubeIDE.app/Contents/Eclipse/plugins/com.st.stm32cube.ide.mcu.externaltools.gnu-tools-for-stm32.9-2020-q2-update.macos64_2.0.0.202105311346/tools/bin/../lib/gcc/arm-none-eabi/9.3.1/../../../../arm-none-eabi/lib/thumb/v7-m/nofp/libc_nano.a(lib_a-findfp.o)
                0x000000000800a76c                __sinit_lock_acquire
 .text.__sinit_lock_release
                0x000000000800a778        0xc /Applications/STM32CubeIDE.app/Contents/Eclipse/plugins/com.st.stm32cube.ide.mcu.externaltools.gnu-tools-for-stm32.9-2020-q2-update.macos64_2.0.0.202105311346/tools/bin/../lib/gcc/arm-none-eabi/9.3.1/../../../../arm-none-eabi/lib/thumb/v7-m/nofp/libc_nano.a(lib_a-findfp.o)
                0x000000000800a778                __sinit_lock_release
 .text.__sinit  0x000000000800a784       0x70 /Applications/STM32CubeIDE.app/Contents/Eclipse/plugins/com.st.stm32cube.ide.mcu.externaltools.gnu-tools-for-stm32.9-2020-q2-update.macos64_2.0.0.202105311346/tools/bin/../lib/gcc/arm-none-eabi/9.3.1/../../../../arm-none-eabi/lib/thumb/v7-m/nofp/libc_nano.a(lib_a-findfp.o)
                0x000000000800a784                __sinit
 .text.__sfp    0x000000000800a7f4       0x8c /Applications/STM32CubeIDE.app/Contents/Eclipse/plugins/com.st.stm32cube.ide.mcu.externaltools.gnu-tools-for-stm32.9-2020-q2-update.macos64_2.0.0.202105311346/tools/bin/../lib/gcc/arm-none-eabi/9.3.1/../../../../arm-none-eabi/lib/thumb/v7-m/nofp/libc_nano.a(lib_a-findfp.o)
                0x000000000800a7f4                __sfp
 .text._fwalk_reent
                0x000000000800a880       0x3e /Applications/STM32CubeIDE.app/Contents/Eclipse/plugins/com.st.stm32cube.ide.mcu.externaltools.gnu-tools-for-stm32.9-2020-q2-update.macos64_2.0.0.202105311346/tools/bin/../lib/gcc/arm-none-eabi/9.3.1/../../../../arm-none-eabi/lib/thumb/v7-m/nofp/libc_nano.a(lib_a-fwalk.o)
                0x000000000800a880                _fwalk_reent
 .text.__retarget_lock_init_recursive
                0x000000000800a8be        0x2 /Applications/STM32CubeIDE.app/Contents/Eclipse/plugins/com.st.stm32cube.ide.mcu.externaltools.gnu-tools-for-stm32.9-2020-q2-update.macos64_2.0.0.202105311346/tools/bin/../lib/gcc/arm-none-eabi/9.3.1/../../../../arm-none-eabi/lib/thumb/v7-m/nofp/libc_nano.a(lib_a-lock.o)
                0x000000000800a8be                __retarget_lock_init_recursive
 .text.__retarget_lock_acquire_recursive
                0x000000000800a8c0        0x2 /Applications/STM32CubeIDE.app/Contents/Eclipse/plugins/com.st.stm32cube.ide.mcu.externaltools.gnu-tools-for-stm32.9-2020-q2-update.macos64_2.0.0.202105311346/tools/bin/../lib/gcc/arm-none-eabi/9.3.1/../../../../arm-none-eabi/lib/thumb/v7-m/nofp/libc_nano.a(lib_a-lock.o)
                0x000000000800a8c0                __retarget_lock_acquire_recursive
 .text.__retarget_lock_release_recursive
                0x000000000800a8c2        0x2 /Applications/STM32CubeIDE.app/Contents/Eclipse/plugins/com.st.stm32cube.ide.mcu.externaltools.gnu-tools-for-stm32.9-2020-q2-update.macos64_2.0.0.202105311346/tools/bin/../lib/gcc/arm-none-eabi/9.3.1/../../../../arm-none-eabi/lib/thumb/v7-m/nofp/libc_nano.a(lib_a-lock.o)
                0x000000000800a8c2                __retarget_lock_release_recursive
 .text.__swhatbuf_r
                0x000000000800a8c4       0x48 /Applications/STM32CubeIDE.app/Contents/Eclipse/plugins/com.st.stm32cube.ide.mcu.externaltools.gnu-tools-for-stm32.9-2020-q2-update.macos64_2.0.0.202105311346/tools/bin/../lib/gcc/arm-none-eabi/9.3.1/../../../../arm-none-eabi/lib/thumb/v7-m/nofp/libc_nano.a(lib_a-makebuf.o)
                0x000000000800a8c4                __swhatbuf_r
 .text.__smakebuf_r
                0x000000000800a90c       0x80 /Applications/STM32CubeIDE.app/Contents/Eclipse/plugins/com.st.stm32cube.ide.mcu.externaltools.gnu-tools-for-stm32.9-2020-q2-update.macos64_2.0.0.202105311346/tools/bin/../lib/gcc/arm-none-eabi/9.3.1/../../../../arm-none-eabi/lib/thumb/v7-m/nofp/libc_nano.a(lib_a-makebuf.o)
                0x000000000800a90c                __smakebuf_r
 .text._malloc_usable_size_r
                0x000000000800a98c       0x10 /Applications/STM32CubeIDE.app/Contents/Eclipse/plugins/com.st.stm32cube.ide.mcu.externaltools.gnu-tools-for-stm32.9-2020-q2-update.macos64_2.0.0.202105311346/tools/bin/../lib/gcc/arm-none-eabi/9.3.1/../../../../arm-none-eabi/lib/thumb/v7-m/nofp/libc_nano.a(lib_a-nano-msizer.o)
                0x000000000800a98c                _malloc_usable_size_r
 .text._raise_r
                0x000000000800a99c       0x50 /Applications/STM32CubeIDE.app/Contents/Eclipse/plugins/com.st.stm32cube.ide.mcu.externaltools.gnu-tools-for-stm32.9-2020-q2-update.macos64_2.0.0.202105311346/tools/bin/../lib/gcc/arm-none-eabi/9.3.1/../../../../arm-none-eabi/lib/thumb/v7-m/nofp/libc_nano.a(lib_a-signal.o)
                0x000000000800a99c                _raise_r
 .text.raise    0x000000000800a9ec       0x10 /Applications/STM32CubeIDE.app/Contents/Eclipse/plugins/com.st.stm32cube.ide.mcu.externaltools.gnu-tools-for-stm32.9-2020-q2-update.macos64_2.0.0.202105311346/tools/bin/../lib/gcc/arm-none-eabi/9.3.1/../../../../arm-none-eabi/lib/thumb/v7-m/nofp/libc_nano.a(lib_a-signal.o)
                0x000000000800a9ec                raise
 .text._kill_r  0x000000000800a9fc       0x24 /Applications/STM32CubeIDE.app/Contents/Eclipse/plugins/com.st.stm32cube.ide.mcu.externaltools.gnu-tools-for-stm32.9-2020-q2-update.macos64_2.0.0.202105311346/tools/bin/../lib/gcc/arm-none-eabi/9.3.1/../../../../arm-none-eabi/lib/thumb/v7-m/nofp/libc_nano.a(lib_a-signalr.o)
                0x000000000800a9fc                _kill_r
 .text._getpid_r
                0x000000000800aa20        0x4 /Applications/STM32CubeIDE.app/Contents/Eclipse/plugins/com.st.stm32cube.ide.mcu.externaltools.gnu-tools-for-stm32.9-2020-q2-update.macos64_2.0.0.202105311346/tools/bin/../lib/gcc/arm-none-eabi/9.3.1/../../../../arm-none-eabi/lib/thumb/v7-m/nofp/libc_nano.a(lib_a-signalr.o)
                0x000000000800aa20                _getpid_r
 .text.__sread  0x000000000800aa24       0x22 /Applications/STM32CubeIDE.app/Contents/Eclipse/plugins/com.st.stm32cube.ide.mcu.externaltools.gnu-tools-for-stm32.9-2020-q2-update.macos64_2.0.0.202105311346/tools/bin/../lib/gcc/arm-none-eabi/9.3.1/../../../../arm-none-eabi/lib/thumb/v7-m/nofp/libc_nano.a(lib_a-stdio.o)
                0x000000000800aa24                __sread
 .text.__swrite
                0x000000000800aa46       0x38 /Applications/STM32CubeIDE.app/Contents/Eclipse/plugins/com.st.stm32cube.ide.mcu.externaltools.gnu-tools-for-stm32.9-2020-q2-update.macos64_2.0.0.202105311346/tools/bin/../lib/gcc/arm-none-eabi/9.3.1/../../../../arm-none-eabi/lib/thumb/v7-m/nofp/libc_nano.a(lib_a-stdio.o)
                0x000000000800aa46                __swrite
 .text.__sseek  0x000000000800aa7e       0x24 /Applications/STM32CubeIDE.app/Contents/Eclipse/plugins/com.st.stm32cube.ide.mcu.externaltools.gnu-tools-for-stm32.9-2020-q2-update.macos64_2.0.0.202105311346/tools/bin/../lib/gcc/arm-none-eabi/9.3.1/../../../../arm-none-eabi/lib/thumb/v7-m/nofp/libc_nano.a(lib_a-stdio.o)
                0x000000000800aa7e                __sseek
 .text.__sclose
                0x000000000800aaa2        0x8 /Applications/STM32CubeIDE.app/Contents/Eclipse/plugins/com.st.stm32cube.ide.mcu.externaltools.gnu-tools-for-stm32.9-2020-q2-update.macos64_2.0.0.202105311346/tools/bin/../lib/gcc/arm-none-eabi/9.3.1/../../../../arm-none-eabi/lib/thumb/v7-m/nofp/libc_nano.a(lib_a-stdio.o)
                0x000000000800aaa2                __sclose
 *fill*         0x000000000800aaaa        0x2 
 .text._write_r
                0x000000000800aaac       0x24 /Applications/STM32CubeIDE.app/Contents/Eclipse/plugins/com.st.stm32cube.ide.mcu.externaltools.gnu-tools-for-stm32.9-2020-q2-update.macos64_2.0.0.202105311346/tools/bin/../lib/gcc/arm-none-eabi/9.3.1/../../../../arm-none-eabi/lib/thumb/v7-m/nofp/libc_nano.a(lib_a-writer.o)
                0x000000000800aaac                _write_r
 .text._close_r
                0x000000000800aad0       0x20 /Applications/STM32CubeIDE.app/Contents/Eclipse/plugins/com.st.stm32cube.ide.mcu.externaltools.gnu-tools-for-stm32.9-2020-q2-update.macos64_2.0.0.202105311346/tools/bin/../lib/gcc/arm-none-eabi/9.3.1/../../../../arm-none-eabi/lib/thumb/v7-m/nofp/libc_nano.a(lib_a-closer.o)
                0x000000000800aad0                _close_r
 .text._fstat_r
                0x000000000800aaf0       0x24 /Applications/STM32CubeIDE.app/Contents/Eclipse/plugins/com.st.stm32cube.ide.mcu.externaltools.gnu-tools-for-stm32.9-2020-q2-update.macos64_2.0.0.202105311346/tools/bin/../lib/gcc/arm-none-eabi/9.3.1/../../../../arm-none-eabi/lib/thumb/v7-m/nofp/libc_nano.a(lib_a-fstatr.o)
                0x000000000800aaf0                _fstat_r
 .text._isatty_r
                0x000000000800ab14       0x20 /Applications/STM32CubeIDE.app/Contents/Eclipse/plugins/com.st.stm32cube.ide.mcu.externaltools.gnu-tools-for-stm32.9-2020-q2-update.macos64_2.0.0.202105311346/tools/bin/../lib/gcc/arm-none-eabi/9.3.1/../../../../arm-none-eabi/lib/thumb/v7-m/nofp/libc_nano.a(lib_a-isattyr.o)
                0x000000000800ab14                _isatty_r
 .text._lseek_r
                0x000000000800ab34       0x24 /Applications/STM32CubeIDE.app/Contents/Eclipse/plugins/com.st.stm32cube.ide.mcu.externaltools.gnu-tools-for-stm32.9-2020-q2-update.macos64_2.0.0.202105311346/tools/bin/../lib/gcc/arm-none-eabi/9.3.1/../../../../arm-none-eabi/lib/thumb/v7-m/nofp/libc_nano.a(lib_a-lseekr.o)
                0x000000000800ab34                _lseek_r
 .text._read_r  0x000000000800ab58       0x24 /Applications/STM32CubeIDE.app/Contents/Eclipse/plugins/com.st.stm32cube.ide.mcu.externaltools.gnu-tools-for-stm32.9-2020-q2-update.macos64_2.0.0.202105311346/tools/bin/../lib/gcc/arm-none-eabi/9.3.1/../../../../arm-none-eabi/lib/thumb/v7-m/nofp/libc_nano.a(lib_a-readr.o)
                0x000000000800ab58                _read_r
 *(.glue_7)
 .glue_7        0x000000000800ab7c        0x0 linker stubs
 *(.glue_7t)
 .glue_7t       0x000000000800ab7c        0x0 linker stubs
 *(.eh_frame)
 .eh_frame      0x000000000800ab7c        0x0 /Applications/STM32CubeIDE.app/Contents/Eclipse/plugins/com.st.stm32cube.ide.mcu.externaltools.gnu-tools-for-stm32.9-2020-q2-update.macos64_2.0.0.202105311346/tools/bin/../lib/gcc/arm-none-eabi/9.3.1/thumb/v7-m/nofp/crtbegin.o
 *(.init)
 .init          0x000000000800ab7c        0x4 /Applications/STM32CubeIDE.app/Contents/Eclipse/plugins/com.st.stm32cube.ide.mcu.externaltools.gnu-tools-for-stm32.9-2020-q2-update.macos64_2.0.0.202105311346/tools/bin/../lib/gcc/arm-none-eabi/9.3.1/thumb/v7-m/nofp/crti.o
                0x000000000800ab7c                _init
 .init          0x000000000800ab80        0x8 /Applications/STM32CubeIDE.app/Contents/Eclipse/plugins/com.st.stm32cube.ide.mcu.externaltools.gnu-tools-for-stm32.9-2020-q2-update.macos64_2.0.0.202105311346/tools/bin/../lib/gcc/arm-none-eabi/9.3.1/thumb/v7-m/nofp/crtn.o
 *(.fini)
 .fini          0x000000000800ab88        0x4 /Applications/STM32CubeIDE.app/Contents/Eclipse/plugins/com.st.stm32cube.ide.mcu.externaltools.gnu-tools-for-stm32.9-2020-q2-update.macos64_2.0.0.202105311346/tools/bin/../lib/gcc/arm-none-eabi/9.3.1/thumb/v7-m/nofp/crti.o
                0x000000000800ab88                _fini
 .fini          0x000000000800ab8c        0x8 /Applications/STM32CubeIDE.app/Contents/Eclipse/plugins/com.st.stm32cube.ide.mcu.externaltools.gnu-tools-for-stm32.9-2020-q2-update.macos64_2.0.0.202105311346/tools/bin/../lib/gcc/arm-none-eabi/9.3.1/thumb/v7-m/nofp/crtn.o
                0x000000000800ab94                . = ALIGN (0x4)
                0x000000000800ab94                _etext = .

.vfp11_veneer   0x000000000800ab94        0x0
 .vfp11_veneer  0x000000000800ab94        0x0 linker stubs

.v4_bx          0x000000000800ab94        0x0
 .v4_bx         0x000000000800ab94        0x0 linker stubs

.iplt           0x000000000800ab94        0x0
 .iplt          0x000000000800ab94        0x0 /Applications/STM32CubeIDE.app/Contents/Eclipse/plugins/com.st.stm32cube.ide.mcu.externaltools.gnu-tools-for-stm32.9-2020-q2-update.macos64_2.0.0.202105311346/tools/bin/../lib/gcc/arm-none-eabi/9.3.1/thumb/v7-m/nofp/crtbegin.o

.rodata         0x000000000800ab98     0x1a2c
                0x000000000800ab98                . = ALIGN (0x4)
 *(.rodata)
 .rodata        0x000000000800ab98       0x4e ./Core/Src/main.o
 *fill*         0x000000000800abe6        0x2 
 .rodata        0x000000000800abe8       0x10 ./Drivers/STM32F1xx_HAL_Driver/Src/stm32f1xx_hal_rcc.o
 .rodata        0x000000000800abf8       0x10 ./Drivers/STM32F1xx_HAL_Driver/Src/stm32f1xx_hal_rcc_ex.o
 *(.rodata*)
 .rodata.auw_hamm
                0x000000000800ac08       0x3e ./3rd_Party_Drivers/src/algorithm.o
                0x000000000800ac08                auw_hamm
 *fill*         0x000000000800ac46        0x2 
 .rodata.uch_spo2_table
                0x000000000800ac48       0xb8 ./3rd_Party_Drivers/src/algorithm.o
                0x000000000800ac48                uch_spo2_table
 .rodata.Font7x10
                0x000000000800ad00      0x76c ./3rd_Party_Drivers/src/fonts.o
                0x000000000800ad00                Font7x10
 .rodata.Font11x18
                0x000000000800b46c      0xd5c ./3rd_Party_Drivers/src/fonts.o
                0x000000000800b46c                Font11x18
 .rodata.AHBPrescTable
                0x000000000800c1c8       0x10 ./Core/Src/system_stm32f1xx.o
                0x000000000800c1c8                AHBPrescTable
 .rodata.APBPrescTable
                0x000000000800c1d8        0x8 ./Core/Src/system_stm32f1xx.o
                0x000000000800c1d8                APBPrescTable
 .rodata._global_impure_ptr
                0x000000000800c1e0        0x4 /Applications/STM32CubeIDE.app/Contents/Eclipse/plugins/com.st.stm32cube.ide.mcu.externaltools.gnu-tools-for-stm32.9-2020-q2-update.macos64_2.0.0.202105311346/tools/bin/../lib/gcc/arm-none-eabi/9.3.1/../../../../arm-none-eabi/lib/thumb/v7-m/nofp/libc_nano.a(lib_a-impure.o)
                0x000000000800c1e0                _global_impure_ptr
 .rodata._printf_float.str1.1
                0x000000000800c1e4       0x12 /Applications/STM32CubeIDE.app/Contents/Eclipse/plugins/com.st.stm32cube.ide.mcu.externaltools.gnu-tools-for-stm32.9-2020-q2-update.macos64_2.0.0.202105311346/tools/bin/../lib/gcc/arm-none-eabi/9.3.1/../../../../arm-none-eabi/lib/thumb/v7-m/nofp/libc_nano.a(lib_a-nano-vfprintf_float.o)
 .rodata._printf_i.str1.1
                0x000000000800c1f6       0x22 /Applications/STM32CubeIDE.app/Contents/Eclipse/plugins/com.st.stm32cube.ide.mcu.externaltools.gnu-tools-for-stm32.9-2020-q2-update.macos64_2.0.0.202105311346/tools/bin/../lib/gcc/arm-none-eabi/9.3.1/../../../../arm-none-eabi/lib/thumb/v7-m/nofp/libc_nano.a(lib_a-nano-vfprintf_i.o)
 .rodata._dtoa_r.str1.1
                0x000000000800c218       0x94 /Applications/STM32CubeIDE.app/Contents/Eclipse/plugins/com.st.stm32cube.ide.mcu.externaltools.gnu-tools-for-stm32.9-2020-q2-update.macos64_2.0.0.202105311346/tools/bin/../lib/gcc/arm-none-eabi/9.3.1/../../../../arm-none-eabi/lib/thumb/v7-m/nofp/libc_nano.a(lib_a-dtoa.o)
                                         0x96 (size before relaxing)
 .rodata._Balloc.str1.1
                0x000000000800c2ac       0x60 /Applications/STM32CubeIDE.app/Contents/Eclipse/plugins/com.st.stm32cube.ide.mcu.externaltools.gnu-tools-for-stm32.9-2020-q2-update.macos64_2.0.0.202105311346/tools/bin/../lib/gcc/arm-none-eabi/9.3.1/../../../../arm-none-eabi/lib/thumb/v7-m/nofp/libc_nano.a(lib_a-mprec.o)
                                         0x77 (size before relaxing)
 .rodata.__multadd.str1.1
                0x000000000800c30c       0x11 /Applications/STM32CubeIDE.app/Contents/Eclipse/plugins/com.st.stm32cube.ide.mcu.externaltools.gnu-tools-for-stm32.9-2020-q2-update.macos64_2.0.0.202105311346/tools/bin/../lib/gcc/arm-none-eabi/9.3.1/../../../../arm-none-eabi/lib/thumb/v7-m/nofp/libc_nano.a(lib_a-mprec.o)
 *fill*         0x000000000800c30c        0x4 
 .rodata.__mprec_bigtens
                0x000000000800c310       0x28 /Applications/STM32CubeIDE.app/Contents/Eclipse/plugins/com.st.stm32cube.ide.mcu.externaltools.gnu-tools-for-stm32.9-2020-q2-update.macos64_2.0.0.202105311346/tools/bin/../lib/gcc/arm-none-eabi/9.3.1/../../../../arm-none-eabi/lib/thumb/v7-m/nofp/libc_nano.a(lib_a-mprec.o)
                0x000000000800c310                __mprec_bigtens
 .rodata.__mprec_tens
                0x000000000800c338       0xc8 /Applications/STM32CubeIDE.app/Contents/Eclipse/plugins/com.st.stm32cube.ide.mcu.externaltools.gnu-tools-for-stm32.9-2020-q2-update.macos64_2.0.0.202105311346/tools/bin/../lib/gcc/arm-none-eabi/9.3.1/../../../../arm-none-eabi/lib/thumb/v7-m/nofp/libc_nano.a(lib_a-mprec.o)
                0x000000000800c338                __mprec_tens
 .rodata.p05.6150
                0x000000000800c400        0xc /Applications/STM32CubeIDE.app/Contents/Eclipse/plugins/com.st.stm32cube.ide.mcu.externaltools.gnu-tools-for-stm32.9-2020-q2-update.macos64_2.0.0.202105311346/tools/bin/../lib/gcc/arm-none-eabi/9.3.1/../../../../arm-none-eabi/lib/thumb/v7-m/nofp/libc_nano.a(lib_a-mprec.o)
 .rodata._svfprintf_r.str1.1
                0x000000000800c40c       0x11 /Applications/STM32CubeIDE.app/Contents/Eclipse/plugins/com.st.stm32cube.ide.mcu.externaltools.gnu-tools-for-stm32.9-2020-q2-update.macos64_2.0.0.202105311346/tools/bin/../lib/gcc/arm-none-eabi/9.3.1/../../../../arm-none-eabi/lib/thumb/v7-m/nofp/libc_nano.a(lib_a-nano-svfprintf.o)
 .rodata.__assert_func.str1.1
                0x000000000800c41d       0x3c /Applications/STM32CubeIDE.app/Contents/Eclipse/plugins/com.st.stm32cube.ide.mcu.externaltools.gnu-tools-for-stm32.9-2020-q2-update.macos64_2.0.0.202105311346/tools/bin/../lib/gcc/arm-none-eabi/9.3.1/../../../../arm-none-eabi/lib/thumb/v7-m/nofp/libc_nano.a(lib_a-assert.o)
                                         0x3d (size before relaxing)
 .rodata._setlocale_r.str1.1
                0x000000000800c459        0x8 /Applications/STM32CubeIDE.app/Contents/Eclipse/plugins/com.st.stm32cube.ide.mcu.externaltools.gnu-tools-for-stm32.9-2020-q2-update.macos64_2.0.0.202105311346/tools/bin/../lib/gcc/arm-none-eabi/9.3.1/../../../../arm-none-eabi/lib/thumb/v7-m/nofp/libc_nano.a(lib_a-locale.o)
                                          0x9 (size before relaxing)
 .rodata.str1.1
                0x000000000800c461        0x2 /Applications/STM32CubeIDE.app/Contents/Eclipse/plugins/com.st.stm32cube.ide.mcu.externaltools.gnu-tools-for-stm32.9-2020-q2-update.macos64_2.0.0.202105311346/tools/bin/../lib/gcc/arm-none-eabi/9.3.1/../../../../arm-none-eabi/lib/thumb/v7-m/nofp/libc_nano.a(lib_a-locale.o)
 .rodata._vfprintf_r.str1.1
                0x000000000800c463       0x11 /Applications/STM32CubeIDE.app/Contents/Eclipse/plugins/com.st.stm32cube.ide.mcu.externaltools.gnu-tools-for-stm32.9-2020-q2-update.macos64_2.0.0.202105311346/tools/bin/../lib/gcc/arm-none-eabi/9.3.1/../../../../arm-none-eabi/lib/thumb/v7-m/nofp/libc_nano.a(lib_a-nano-vfprintf.o)
 .rodata._ctype_
                0x000000000800c463      0x101 /Applications/STM32CubeIDE.app/Contents/Eclipse/plugins/com.st.stm32cube.ide.mcu.externaltools.gnu-tools-for-stm32.9-2020-q2-update.macos64_2.0.0.202105311346/tools/bin/../lib/gcc/arm-none-eabi/9.3.1/../../../../arm-none-eabi/lib/thumb/v7-m/nofp/libc_nano.a(lib_a-ctype_.o)
                0x000000000800c463                _ctype_
 .rodata.__sf_fake_stderr
                0x000000000800c564       0x20 /Applications/STM32CubeIDE.app/Contents/Eclipse/plugins/com.st.stm32cube.ide.mcu.externaltools.gnu-tools-for-stm32.9-2020-q2-update.macos64_2.0.0.202105311346/tools/bin/../lib/gcc/arm-none-eabi/9.3.1/../../../../arm-none-eabi/lib/thumb/v7-m/nofp/libc_nano.a(lib_a-findfp.o)
                0x000000000800c564                __sf_fake_stderr
 .rodata.__sf_fake_stdin
                0x000000000800c584       0x20 /Applications/STM32CubeIDE.app/Contents/Eclipse/plugins/com.st.stm32cube.ide.mcu.externaltools.gnu-tools-for-stm32.9-2020-q2-update.macos64_2.0.0.202105311346/tools/bin/../lib/gcc/arm-none-eabi/9.3.1/../../../../arm-none-eabi/lib/thumb/v7-m/nofp/libc_nano.a(lib_a-findfp.o)
                0x000000000800c584                __sf_fake_stdin
 .rodata.__sf_fake_stdout
                0x000000000800c5a4       0x20 /Applications/STM32CubeIDE.app/Contents/Eclipse/plugins/com.st.stm32cube.ide.mcu.externaltools.gnu-tools-for-stm32.9-2020-q2-update.macos64_2.0.0.202105311346/tools/bin/../lib/gcc/arm-none-eabi/9.3.1/../../../../arm-none-eabi/lib/thumb/v7-m/nofp/libc_nano.a(lib_a-findfp.o)
                0x000000000800c5a4                __sf_fake_stdout
                0x000000000800c5c4                . = ALIGN (0x4)

.rel.dyn        0x000000000800c5c4        0x0
 .rel.iplt      0x000000000800c5c4        0x0 /Applications/STM32CubeIDE.app/Contents/Eclipse/plugins/com.st.stm32cube.ide.mcu.externaltools.gnu-tools-for-stm32.9-2020-q2-update.macos64_2.0.0.202105311346/tools/bin/../lib/gcc/arm-none-eabi/9.3.1/thumb/v7-m/nofp/crtbegin.o

.ARM.extab      0x000000000800c5c4        0x0
                0x000000000800c5c4                . = ALIGN (0x4)
 *(.ARM.extab* .gnu.linkonce.armextab.*)
                0x000000000800c5c4                . = ALIGN (0x4)

.ARM            0x000000000800c5c4        0x0
                0x000000000800c5c4                . = ALIGN (0x4)
                0x000000000800c5c4                __exidx_start = .
 *(.ARM.exidx*)
                0x000000000800c5c4                __exidx_end = .
                0x000000000800c5c4                . = ALIGN (0x4)

.preinit_array  0x000000000800c5c4        0x0
                0x000000000800c5c4                . = ALIGN (0x4)
                0x000000000800c5c4                PROVIDE (__preinit_array_start = .)
 *(.preinit_array*)
                0x000000000800c5c4                PROVIDE (__preinit_array_end = .)
                0x000000000800c5c4                . = ALIGN (0x4)

.init_array     0x000000000800c5c4        0x4
                0x000000000800c5c4                . = ALIGN (0x4)
                0x000000000800c5c4                PROVIDE (__init_array_start = .)
 *(SORT_BY_NAME(.init_array.*))
 *(.init_array*)
 .init_array    0x000000000800c5c4        0x4 /Applications/STM32CubeIDE.app/Contents/Eclipse/plugins/com.st.stm32cube.ide.mcu.externaltools.gnu-tools-for-stm32.9-2020-q2-update.macos64_2.0.0.202105311346/tools/bin/../lib/gcc/arm-none-eabi/9.3.1/thumb/v7-m/nofp/crtbegin.o
                0x000000000800c5c8                PROVIDE (__init_array_end = .)
                0x000000000800c5c8                . = ALIGN (0x4)

.fini_array     0x000000000800c5c8        0x4
                0x000000000800c5c8                . = ALIGN (0x4)
                [!provide]                        PROVIDE (__fini_array_start = .)
 *(SORT_BY_NAME(.fini_array.*))
 *(.fini_array*)
 .fini_array    0x000000000800c5c8        0x4 /Applications/STM32CubeIDE.app/Contents/Eclipse/plugins/com.st.stm32cube.ide.mcu.externaltools.gnu-tools-for-stm32.9-2020-q2-update.macos64_2.0.0.202105311346/tools/bin/../lib/gcc/arm-none-eabi/9.3.1/thumb/v7-m/nofp/crtbegin.o
                [!provide]                        PROVIDE (__fini_array_end = .)
                0x000000000800c5cc                . = ALIGN (0x4)
                0x000000000800c5cc                _sidata = LOADADDR (.data)

.data           0x0000000020000000      0x1ec load address 0x000000000800c5cc
                0x0000000020000000                . = ALIGN (0x4)
                0x0000000020000000                _sdata = .
 *(.data)
 *(.data*)
 .data.Font_7x10
                0x0000000020000000        0x8 ./3rd_Party_Drivers/src/fonts.o
                0x0000000020000000                Font_7x10
 .data.Font_11x18
                0x0000000020000008        0x8 ./3rd_Party_Drivers/src/fonts.o
                0x0000000020000008                Font_11x18
 .data.SystemCoreClock
                0x0000000020000010        0x4 ./Core/Src/system_stm32f1xx.o
                0x0000000020000010                SystemCoreClock
 .data.uwTickPrio
                0x0000000020000014        0x4 ./Drivers/STM32F1xx_HAL_Driver/Src/stm32f1xx_hal.o
                0x0000000020000014                uwTickPrio
 .data.uwTickFreq
                0x0000000020000018        0x1 ./Drivers/STM32F1xx_HAL_Driver/Src/stm32f1xx_hal.o
                0x0000000020000018                uwTickFreq
 *fill*         0x0000000020000019        0x3 
 .data._impure_ptr
                0x000000002000001c        0x4 /Applications/STM32CubeIDE.app/Contents/Eclipse/plugins/com.st.stm32cube.ide.mcu.externaltools.gnu-tools-for-stm32.9-2020-q2-update.macos64_2.0.0.202105311346/tools/bin/../lib/gcc/arm-none-eabi/9.3.1/../../../../arm-none-eabi/lib/thumb/v7-m/nofp/libc_nano.a(lib_a-impure.o)
                0x000000002000001c                _impure_ptr
 .data.impure_data
                0x0000000020000020       0x60 /Applications/STM32CubeIDE.app/Contents/Eclipse/plugins/com.st.stm32cube.ide.mcu.externaltools.gnu-tools-for-stm32.9-2020-q2-update.macos64_2.0.0.202105311346/tools/bin/../lib/gcc/arm-none-eabi/9.3.1/../../../../arm-none-eabi/lib/thumb/v7-m/nofp/libc_nano.a(lib_a-impure.o)
 .data.__global_locale
                0x0000000020000080      0x16c /Applications/STM32CubeIDE.app/Contents/Eclipse/plugins/com.st.stm32cube.ide.mcu.externaltools.gnu-tools-for-stm32.9-2020-q2-update.macos64_2.0.0.202105311346/tools/bin/../lib/gcc/arm-none-eabi/9.3.1/../../../../arm-none-eabi/lib/thumb/v7-m/nofp/libc_nano.a(lib_a-locale.o)
                0x0000000020000080                __global_locale
 *(.RamFunc)
 *(.RamFunc*)
                0x00000000200001ec                . = ALIGN (0x4)
                0x00000000200001ec                _edata = .

.igot.plt       0x00000000200001ec        0x0 load address 0x000000000800c7b8
 .igot.plt      0x00000000200001ec        0x0 /Applications/STM32CubeIDE.app/Contents/Eclipse/plugins/com.st.stm32cube.ide.mcu.externaltools.gnu-tools-for-stm32.9-2020-q2-update.macos64_2.0.0.202105311346/tools/bin/../lib/gcc/arm-none-eabi/9.3.1/thumb/v7-m/nofp/crtbegin.o
                0x00000000200001ec                . = ALIGN (0x4)

.bss            0x00000000200001ec     0x1b28 load address 0x000000000800c7b8
                0x00000000200001ec                _sbss = .
                0x00000000200001ec                __bss_start__ = _sbss
 *(.bss)
 .bss           0x00000000200001ec       0x1c /Applications/STM32CubeIDE.app/Contents/Eclipse/plugins/com.st.stm32cube.ide.mcu.externaltools.gnu-tools-for-stm32.9-2020-q2-update.macos64_2.0.0.202105311346/tools/bin/../lib/gcc/arm-none-eabi/9.3.1/thumb/v7-m/nofp/crtbegin.o
 *(.bss*)
 .bss.an_dx     0x0000000020000208      0x3d8 ./3rd_Party_Drivers/src/algorithm.o
 .bss.an_x      0x00000000200005e0      0x3e8 ./3rd_Party_Drivers/src/algorithm.o
 .bss.an_y      0x00000000200009c8      0x3e8 ./3rd_Party_Drivers/src/algorithm.o
 .bss.SSD1306_Buffer
                0x0000000020000db0      0x400 ./3rd_Party_Drivers/src/ssd1306.o
 .bss.SSD1306   0x00000000200011b0        0x6 ./3rd_Party_Drivers/src/ssd1306.o
 .bss._counter  0x00000000200011b6        0x1 ./Core/Src/main.o
                0x00000000200011b6                _counter
 *fill*         0x00000000200011b7        0x1 
 .bss._BAT_Voltage_AVG
                0x00000000200011b8        0x4 ./Core/Src/main.o
                0x00000000200011b8                _BAT_Voltage_AVG
 .bss._timer_3_interrupt
                0x00000000200011bc        0x1 ./Core/Src/main.o
                0x00000000200011bc                _timer_3_interrupt
 .bss._timer_2_interrupt