main.c:110:5:main	32	static
main.c:210:6:SystemClock_Config	88	static
main.c:256:13:MX_ADC1_Init	24	static
main.c:301:13:MX_I2C1_Init	8	static
main.c:335:13:MX_I2C2_Init	8	static
main.c:369:13:MX_TIM2_Init	32	static
main.c:414:13:MX_TIM3_Init	32	static
main.c:459:13:MX_USART2_UART_Init	8	static
main.c:492:13:MX_GPIO_Init	40	static
main.c:538:7:_BatteryVoltage	16	static
main.c:561:6:_BluetoothSend	48	static
main.c:575:6:HAL_GPIO_EXTI_Callback	16	static
main.c:583:6:HAL_TIM_PeriodElapsedCallback	16	static
main.c:597:6:Error_Handler	4	static,ignoring_inline_asm
