main.c:126:5:main	32	static
main.c:243:6:SystemClock_Config	88	static
main.c:289:13:MX_ADC1_Init	24	static
main.c:334:13:MX_I2C1_Init	8	static
main.c:368:13:MX_I2C2_Init	8	static
main.c:402:13:MX_TIM2_Init	32	static
main.c:447:13:MX_TIM3_Init	32	static
main.c:492:13:MX_USART2_UART_Init	8	static
main.c:525:13:MX_GPIO_Init	40	static
main.c:570:6:_BootUpSequence	8	static
main.c:587:9:_BluetoothReceive	16	static
main.c:594:6:_Show_HeartRate_SPO2	40	static
main.c:616:7:_BatteryVoltage	16	static
main.c:639:6:_BluetoothSend	48	static
main.c:653:6:HAL_GPIO_EXTI_Callback	16	static
main.c:661:6:HAL_TIM_PeriodElapsedCallback	16	static
main.c:675:6:Error_Handler	4	static,ignoring_inline_asm
